[7FFFCE9FE6C0]  EstablishContext in : Scope=0
[7FFFCE9FE6C0]  EstablishContext out : ret=0, hContext=923779893
[7FFFCE9FE6C0]  ListReaders in : hContext=923779893, ReadersBufferLen='0'
[7FFFCE9FE6C0]  ListReaders out : ret=0, ReadersBufferLen=59, Readers=''
[7FFFCE9FE6C0]  ListReaders in : hContext=923779893, ReadersBufferLen='59'
[7FFFCE9FE6C0]  ListReaders out : ret=0, ReadersBufferLen=59, Readers='Aladdin R.D. JaCarta [SCR Interface] (000000000000) 00 00'
[7FFFCF1FF6C0]  ListReaders in : hContext=923779893, ReadersBufferLen='0'
[7FFFCF1FF6C0]  ListReaders out : ret=0, ReadersBufferLen=59, Readers=''
[7FFFCF1FF6C0]  ListReaders in : hContext=923779893, ReadersBufferLen='59'
[7FFFCF1FF6C0]  ListReaders out : ret=0, ReadersBufferLen=59, Readers='Aladdin R.D. JaCarta [SCR Interface] (000000000000) 00 00'
[7FFFCE9FE6C0]  EstablishContext in : Scope=0
[7FFFCE9FE6C0]  EstablishContext out : ret=0, hContext=1806067453
[7FFFCE9FE6C0]  ListReaders in : hContext=1806067453, ReadersBufferLen='2048'
[7FFFCE9FE6C0]  ListReaders out : ret=0, ReadersBufferLen=59, Readers='Aladdin R.D. JaCarta [SCR Interface] (000000000000) 00 00'
[7FFFCE9FE6C0]  GetStatusChange in : hContext=1806067453
[7FFFCE9FE6C0]  GetStatusChange out : ret=0
[7FFFCE9FE6C0]  IsValidContext in : hContext=1806067453
[7FFFCE9FE6C0]  IsValidContext out : ret=0
[7FFFCE9FE6C0]  Connect in : hContext=1806067453
[7FFFCE9FE6C0]  Connect out : ret=0
[7FFFCE9FE6C0]  BeginTransaction in : hCard=264459739
[7FFFCE9FE6C0]  BeginTransaction out : ret=0
[7FFFCE9FE6C0]  Transmit in : hCard=264459739, SendLength=15
[7FFFCE9FE6C0]  Transmit out : ret=0, RecvLength=2 
			 RecvBuff=6A82
[7FFFCE9FE6C0]  Transmit in : hCard=264459739, SendLength=13
[7FFFCE9FE6C0]  Transmit out : ret=0, RecvLength=2 
			 RecvBuff=6A82
[7FFFCE9FE6C0]  Transmit in : hCard=264459739, SendLength=17
[7FFFCE9FE6C0]  Transmit out : ret=0, RecvLength=2 
			 RecvBuff=9000
[7FFFCE9FE6C0]  Transmit in : hCard=264459739, SendLength=13
[7FFFCE9FE6C0]  Transmit out : ret=0, RecvLength=2 
			 RecvBuff=6A82
[7FFFCE9FE6C0]  Transmit in : hCard=264459739, SendLength=13
[7FFFCE9FE6C0]  Transmit out : ret=0, RecvLength=2 
			 RecvBuff=6A82
[7FFFCE9FE6C0]  Transmit in : hCard=264459739, SendLength=13
[7FFFCE9FE6C0]  Transmit out : ret=0, RecvLength=2 
			 RecvBuff=6A82
[7FFFCE9FE6C0]  Transmit in : hCard=264459739, SendLength=13
[7FFFCE9FE6C0]  Transmit out : ret=0, RecvLength=2 
			 RecvBuff=6A82
[7FFFCE9FE6C0]  Transmit in : hCard=264459739, SendLength=13
[7FFFCE9FE6C0]  Transmit out : ret=0, RecvLength=2 
			 RecvBuff=6A82
[7FFFCE9FE6C0]  Transmit in : hCard=264459739, SendLength=13
[7FFFCE9FE6C0]  Transmit out : ret=0, RecvLength=2 
			 RecvBuff=6A82
[7FFFCE9FE6C0]  EndTransaction in : hCard=264459739
[7FFFCE9FE6C0]  EndTransaction out : ret=0
[7FFFCE9FE6C0]  IsValidContext in : hContext=1806067453
[7FFFCE9FE6C0]  IsValidContext out : ret=0
[7FFFCE9FE6C0]  ListReaders in : hContext=1806067453, ReadersBufferLen='2048'
[7FFFCE9FE6C0]  ListReaders out : ret=0, ReadersBufferLen=59, Readers='Aladdin R.D. JaCarta [SCR Interface] (000000000000) 00 00'
[7FFFCE9FE6C0]  GetStatusChange in : hContext=1806067453
[7FFFCE9FE6C0]  GetStatusChange out : ret=0
[7FFFCE9FE6C0]  IsValidContext in : hContext=1806067453
[7FFFCE9FE6C0]  IsValidContext out : ret=0
[7FFFCE9FE6C0]  ListReaders in : hContext=1806067453, ReadersBufferLen='2048'
[7FFFCE9FE6C0]  ListReaders out : ret=0, ReadersBufferLen=59, Readers='Aladdin R.D. JaCarta [SCR Interface] (000000000000) 00 00'
[7FFFCE9FE6C0]  GetStatusChange in : hContext=1806067453
[7FFFCE9FE6C0]  GetStatusChange out : ret=0
[7FFFCE9FE6C0]  BeginTransaction in : hCard=264459739
[7FFFCE9FE6C0]  BeginTransaction out : ret=0
[7FFFCE9FE6C0]  Transmit in : hCard=264459739, SendLength=13
[7FFFCE9FE6C0]  Transmit out : ret=0, RecvLength=2 
			 RecvBuff=6A82
[7FFFCE9FE6C0]  Transmit in : hCard=264459739, SendLength=4
[7FFFCE9FE6C0]  Transmit out : ret=0, RecvLength=19 
			 RecvBuff=6F0F8407A0000001510000A5049F6501FF9000
[7FFFCE9FE6C0]  Transmit in : hCard=264459739, SendLength=5
[7FFFCE9FE6C0]  Transmit out : ret=0, RecvLength=44 
			 RecvBuff=418001128211226800014E460013357550460000000000000000000000000000000000000000000000009000
[7FFFCE9FE6C0]  Transmit in : hCard=264459739, SendLength=12
[7FFFCE9FE6C0]  Transmit out : ret=0, RecvLength=19 
			 RecvBuff=6F0F8407A0000001510000A5049F6501FF9000
[7FFFCE9FE6C0]  Transmit in : hCard=264459739, SendLength=5
[7FFFCE9FE6C0]  Transmit out : ret=0, RecvLength=26 
			 RecvBuff=0302010102045BFE8592010C4A433030302D312076332E309000
[7FFFCE9FE6C0]  Transmit in : hCard=264459739, SendLength=13
[7FFFCE9FE6C0]  Transmit out : ret=0, RecvLength=2 
			 RecvBuff=6A82
[7FFFCE9FE6C0]  EndTransaction in : hCard=264459739
[7FFFCE9FE6C0]  EndTransaction out : ret=0
[7FFFCE9FE6C0]  BeginTransaction in : hCard=264459739
[7FFFCE9FE6C0]  BeginTransaction out : ret=0
[7FFFCE9FE6C0]  Transmit in : hCard=264459739, SendLength=17
[7FFFCE9FE6C0]  Transmit out : ret=0, RecvLength=2 
			 RecvBuff=9000
[7FFFCE9FE6C0]  Transmit in : hCard=264459739, SendLength=14
[7FFFCE9FE6C0]  Transmit out : ret=0, RecvLength=38 
			 RecvBuff=62228701018302867F800202838408636D617066696C658A0104860800000030003000309000
[7FFFCE9FE6C0]  Transmit in : hCard=264459739, SendLength=5
[7FFFCE9FE6C0]  Transmit out : ret=0, RecvLength=258 
			 RecvBuff=0086867F027F0A801310001400000000000000000000000000000000000000000000000004000000000001000001010002000001000003100000FFFFFFFFFFFFFFFFFFFFFFFFFFFFFFFFFFFFFFFFFFFFFFFFFFFFFFFFFFFFFFFFFFFFFFFFFFFFFFFFFFFFFFFFFFFFFFFFFFFFFFFFFFFFFFFFFFFFFFFFFFFFFFFF0010100000FFFFFFFFFFFFFFFFFFFFFFFFFFFFFFFFFFFFFFFFFFFFFFFFFFFFFFFFFFFFFFFF00111001C200000000000000000000000000000000000000000000000000000000000000000000000000000000000000000000000000000000000000000000000000000000000000000000000000000000000000000000000000000000000000006100
[7FFFCE9FE6C0]  Transmit in : hCard=264459739, SendLength=5
[7FFFCE9FE6C0]  Transmit out : ret=0, RecvLength=258 
			 RecvBuff=000000000000000000000000000000000000000000000000000000000000000000000000000000000000000000000000000000000000000000000000000000000000000000000000000000000000000000000000000000000000000000000000000000000000000000000000000000000000000000000000000000000000000000000000000000000000000000000000000000000000000000000000000000000000000000000000000000000000000000000000000000000000000000000000000000000000000000000000000000000000000000000000000000000000000000000000000000000000000000000000000000000000000000000000000000006183
[7FFFCE9FE6C0]  Transmit in : hCard=264459739, SendLength=5
[7FFFCE9FE6C0]  Transmit out : ret=0, RecvLength=133 
			 RecvBuff=0000000000000000000000000000000000000000000000000000000000000000000000000000000000000000000000000000000000000000000000000000000000000000000000000000000000000000000000000000000000000000000000000000000000000012100000FFFFFFFFFFFFFFFF017000000101801000000100000000009000
[7FFFCE9FE6C0]  Transmit in : hCard=264459739, SendLength=5
[7FFFCE9FE6C0]  Transmit out : ret=0, RecvLength=5 
			 RecvBuff=0F3F8F9000
[7FFFCE9FE6C0]  Transmit in : hCard=264459739, SendLength=5
[7FFFCE9FE6C0]  Transmit out : ret=0, RecvLength=7 
			 RecvBuff=3FC007FF189000
[7FFFCE9FE6C0]  Transmit in : hCard=264459739, SendLength=5
[7FFFCE9FE6C0]  Transmit out : ret=0, RecvLength=10 
			 RecvBuff=4E460013357550469000
[7FFFCE9FE6C0]  Transmit in : hCard=264459739, SendLength=11
[7FFFCE9FE6C0]  Transmit out : ret=0, RecvLength=2 
			 RecvBuff=9000
[7FFFCE9FE6C0]  Transmit in : hCard=264459739, SendLength=5
[7FFFCE9FE6C0]  Transmit out : ret=0, RecvLength=6 
			 RecvBuff=02D001009000
[7FFFCE9FE6C0]  Transmit in : hCard=264459739, SendLength=11
[7FFFCE9FE6C0]  Transmit out : ret=0, RecvLength=2 
			 RecvBuff=9000
[7FFFCE9FE6C0]  Transmit in : hCard=264459739, SendLength=5
[7FFFCE9FE6C0]  Transmit out : ret=0, RecvLength=6 
			 RecvBuff=02D001649000
[7FFFCE9FE6C0]  Transmit in : hCard=264459739, SendLength=11
[7FFFCE9FE6C0]  Transmit out : ret=0, RecvLength=2 
			 RecvBuff=9000
[7FFFCE9FE6C0]  Transmit in : hCard=264459739, SendLength=5
[7FFFCE9FE6C0]  Transmit out : ret=0, RecvLength=175 
			 RecvBuff=02C00700000A000F000102C20A0004100000000000000002C30A0004100000000000000002C1010002C5040000000002C6040000000002C8010102C9013302CA04000346DC02CB010102CC010002CD010002CF010002D102101002D202101002D33F00000000000000000000001010000000000000000000001010040000000000000000000000000000000000000000000000000000000000000000000000000002D5010002D6010102D701009000
[7FFFCE9FE6C0]  Transmit in : hCard=264459739, SendLength=11
[7FFFCE9FE6C0]  Transmit out : ret=0, RecvLength=2 
			 RecvBuff=9000
[7FFFCE9FE6C0]  Transmit in : hCard=264459739, SendLength=5
[7FFFCE9FE6C0]  Transmit out : ret=0, RecvLength=17 
			 RecvBuff=02C4010002C70832303234303533319000
[7FFFCE9FE6C0]  Transmit in : hCard=264459739, SendLength=12
[7FFFCE9FE6C0]  Transmit out : ret=0, RecvLength=39 
			 RecvBuff=62238701018302C000800200A18409546F6B656E496E666F8A0104860800000000003000309000
[7FFFCE9FE6C0]  Transmit in : hCard=264459739, SendLength=5
[7FFFCE9FE6C0]  Transmit out : ret=0, RecvLength=163 
			 RecvBuff=2020202020202020202020202020202020202020202020202020202020202020416C616464696E20522E442E20202020202020202020202020202020202020204A614361727461204C61736572202020344534363030313333353735353034360C04000000000000000000000000000000000000100000000400000000000000FFFFFFFF00000000FFFFFFFF0100000000000000000000000000000000000000FF9000
[7FFFCE9FE6C0]  Transmit in : hCard=264459739, SendLength=10
[7FFFCE9FE6C0]  Transmit out : ret=0, RecvLength=51 
			 RecvBuff=622F87010883020003800200048A0104860E00FF001000FF001000FF00100000850F000100003300040A00000000000A0A9000
[7FFFCE9FE6C0]  Transmit in : hCard=264459739, SendLength=8
[7FFFCE9FE6C0]  Transmit out : ret=0, RecvLength=28 
			 RecvBuff=621887013883023F008A0104860C0001000100010001000100019000
[7FFFCE9FE6C0]  EndTransaction in : hCard=264459739
[7FFFCE9FE6C0]  EndTransaction out : ret=0
[7FFFCF1FF6C0]  IsValidContext in : hContext=1806067453
[7FFFCF1FF6C0]  IsValidContext out : ret=0
[7FFFCF1FF6C0]  ListReaders in : hContext=1806067453, ReadersBufferLen='2048'
[7FFFCF1FF6C0]  ListReaders out : ret=0, ReadersBufferLen=59, Readers='Aladdin R.D. JaCarta [SCR Interface] (000000000000) 00 00'
[7FFFCF1FF6C0]  GetStatusChange in : hContext=1806067453
[7FFFCF1FF6C0]  GetStatusChange out : ret=0
[7FFFCF1FF6C0]  IsValidContext in : hContext=1806067453
[7FFFCF1FF6C0]  IsValidContext out : ret=0
[7FFFCF1FF6C0]  ListReaders in : hContext=1806067453, ReadersBufferLen='2048'
[7FFFCF1FF6C0]  ListReaders out : ret=0, ReadersBufferLen=59, Readers='Aladdin R.D. JaCarta [SCR Interface] (000000000000) 00 00'
[7FFFCF1FF6C0]  GetStatusChange in : hContext=1806067453
[7FFFCF1FF6C0]  GetStatusChange out : ret=0
[7FFFCF1FF6C0]  IsValidContext in : hContext=1806067453
[7FFFCF1FF6C0]  IsValidContext out : ret=0
[7FFFCF1FF6C0]  ListReaders in : hContext=1806067453, ReadersBufferLen='2048'
[7FFFCF1FF6C0]  ListReaders out : ret=0, ReadersBufferLen=59, Readers='Aladdin R.D. JaCarta [SCR Interface] (000000000000) 00 00'
[7FFFCF1FF6C0]  GetStatusChange in : hContext=1806067453
[7FFFCF1FF6C0]  GetStatusChange out : ret=0
[7FFFCE9FE6C0]  IsValidContext in : hContext=1806067453
[7FFFCE9FE6C0]  IsValidContext out : ret=0
[7FFFCE9FE6C0]  ListReaders in : hContext=1806067453, ReadersBufferLen='2048'
[7FFFCE9FE6C0]  ListReaders out : ret=0, ReadersBufferLen=59, Readers='Aladdin R.D. JaCarta [SCR Interface] (000000000000) 00 00'
[7FFFCE9FE6C0]  GetStatusChange in : hContext=1806067453
[7FFFCE9FE6C0]  GetStatusChange out : ret=0
[7FFFCE9FE6C0]  IsValidContext in : hContext=1806067453
[7FFFCE9FE6C0]  IsValidContext out : ret=0
[7FFFCE9FE6C0]  ListReaders in : hContext=1806067453, ReadersBufferLen='2048'
[7FFFCE9FE6C0]  ListReaders out : ret=0, ReadersBufferLen=59, Readers='Aladdin R.D. JaCarta [SCR Interface] (000000000000) 00 00'
[7FFFCE9FE6C0]  GetStatusChange in : hContext=1806067453
[7FFFCE9FE6C0]  GetStatusChange out : ret=0
[7FFFCE9FE6C0]  IsValidContext in : hContext=1806067453
[7FFFCE9FE6C0]  IsValidContext out : ret=0
[7FFFCE9FE6C0]  ListReaders in : hContext=1806067453, ReadersBufferLen='2048'
[7FFFCE9FE6C0]  ListReaders out : ret=0, ReadersBufferLen=59, Readers='Aladdin R.D. JaCarta [SCR Interface] (000000000000) 00 00'
[7FFFCE9FE6C0]  GetStatusChange in : hContext=1806067453
[7FFFCE9FE6C0]  GetStatusChange out : ret=0
[7FFFCE9FE6C0]  Connect in : hContext=923779893
[7FFFCF1FF6C0]  IsValidContext in : hContext=1806067453
[7FFFCF1FF6C0]  IsValidContext out : ret=0
[7FFFCF1FF6C0]  ListReaders in : hContext=1806067453, ReadersBufferLen='2048'
[7FFFCE9FE6C0]  Connect out : ret=0
[7FFFCE9FE6C0]  Status in : hCard=1323541154
[7FFFCE9FE6C0]  Status out : ret=0
[7FFFCE9FE6C0]  Status in : hCard=1323541154
[7FFFCF1FF6C0]  ListReaders out : ret=0, ReadersBufferLen=59, Readers='Aladdin R.D. JaCarta [SCR Interface] (000000000000) 00 00'
[7FFFCF1FF6C0]  GetStatusChange in : hContext=1806067453
[7FFFCF1FF6C0]  GetStatusChange out : ret=0
[7FFFCF1FF6C0]  IsValidContext in : hContext=1806067453
[7FFFCE9FE6C0]  Status out : ret=0
[7FFFCF1FF6C0]  IsValidContext out : ret=0
[7FFFCF1FF6C0]  ListReaders in : hContext=1806067453, ReadersBufferLen='2048'
[7FFFCF1FF6C0]  ListReaders out : ret=0, ReadersBufferLen=59, Readers='Aladdin R.D. JaCarta [SCR Interface] (000000000000) 00 00'
[7FFFCF1FF6C0]  GetStatusChange in : hContext=1806067453
[7FFFCF1FF6C0]  GetStatusChange out : ret=0
[7FFFCF1FF6C0]  IsValidContext in : hContext=1806067453
[7FFFCF1FF6C0]  IsValidContext out : ret=0
[7FFFCF1FF6C0]  ListReaders in : hContext=1806067453, ReadersBufferLen='2048'
[7FFFCF1FF6C0]  ListReaders out : ret=0, ReadersBufferLen=59, Readers='Aladdin R.D. JaCarta [SCR Interface] (000000000000) 00 00'
[7FFFCF1FF6C0]  GetStatusChange in : hContext=1806067453
[7FFFCF1FF6C0]  GetStatusChange out : ret=0
[7FFFCF1FF6C0]  Status in : hCard=1323541154
[7FFFCF1FF6C0]  Status out : ret=0
[7FFFCF1FF6C0]  Status in : hCard=1323541154
[7FFFCF1FF6C0]  Status out : ret=0
[7FFFCE9FE6C0]  IsValidContext in : hContext=1806067453
[7FFFCE9FE6C0]  IsValidContext out : ret=0
[7FFFCE9FE6C0]  ListReaders in : hContext=1806067453, ReadersBufferLen='2048'
[7FFFCE9FE6C0]  ListReaders out : ret=0, ReadersBufferLen=59, Readers='Aladdin R.D. JaCarta [SCR Interface] (000000000000) 00 00'
[7FFFCE9FE6C0]  GetStatusChange in : hContext=1806067453
[7FFFCE9FE6C0]  GetStatusChange out : ret=0
[7FFFCE9FE6C0]  IsValidContext in : hContext=1806067453
[7FFFCE9FE6C0]  IsValidContext out : ret=0
[7FFFCE9FE6C0]  ListReaders in : hContext=1806067453, ReadersBufferLen='2048'
[7FFFCE9FE6C0]  ListReaders out : ret=0, ReadersBufferLen=59, Readers='Aladdin R.D. JaCarta [SCR Interface] (000000000000) 00 00'
[7FFFCE9FE6C0]  GetStatusChange in : hContext=1806067453
[7FFFCF1FF6C0]  Disconnect in : hCard=1323541154, Disposition=0
[7FFFCE9FE6C0]  GetStatusChange out : ret=0
[7FFFCE9FE6C0]  IsValidContext in : hContext=1806067453
[7FFFCF1FF6C0]  Disconnect out : ret=0
[7FFFCE9FE6C0]  IsValidContext out : ret=0
[7FFFCE9FE6C0]  ListReaders in : hContext=1806067453, ReadersBufferLen='2048'
[7FFFCE9FE6C0]  ListReaders out : ret=0, ReadersBufferLen=59, Readers='Aladdin R.D. JaCarta [SCR Interface] (000000000000) 00 00'
[7FFFCE9FE6C0]  GetStatusChange in : hContext=1806067453
[7FFFCE9FE6C0]  GetStatusChange out : ret=0
[7FFFCE9FE6C0]  BeginTransaction in : hCard=264459739
[7FFFCE9FE6C0]  BeginTransaction out : ret=0
[7FFFCE9FE6C0]  Transmit in : hCard=264459739, SendLength=17
[7FFFCE9FE6C0]  Transmit out : ret=0, RecvLength=2 
			 RecvBuff=9000
[7FFFCE9FE6C0]  Transmit in : hCard=264459739, SendLength=12
[7FFFCE9FE6C0]  Transmit out : ret=0, RecvLength=39 
			 RecvBuff=62238701018302C000800200A18409546F6B656E496E666F8A0104860800000000003000309000
[7FFFCE9FE6C0]  Transmit in : hCard=264459739, SendLength=5
[7FFFCE9FE6C0]  Transmit out : ret=0, RecvLength=163 
			 RecvBuff=2020202020202020202020202020202020202020202020202020202020202020416C616464696E20522E442E20202020202020202020202020202020202020204A614361727461204C61736572202020344534363030313333353735353034360C04000000000000000000000000000000000000100000000400000000000000FFFFFFFF00000000FFFFFFFF0100000000000000000000000000000000000000FF9000
[7FFFCE9FE6C0]  Transmit in : hCard=264459739, SendLength=5
[7FFFCE9FE6C0]  Transmit out : ret=0, RecvLength=6 
			 RecvBuff=0000CB989000
[7FFFCE9FE6C0]  Transmit in : hCard=264459739, SendLength=5
[7FFFCE9FE6C0]  Transmit out : ret=0, RecvLength=6 
			 RecvBuff=000120009000
[7FFFCE9FE6C0]  Transmit in : hCard=264459739, SendLength=10
[7FFFCE9FE6C0]  Transmit out : ret=0, RecvLength=51 
			 RecvBuff=622F87010883020020800200108A0104860E00FF003000FF001000FF00100000850F00010000AA000410000000000010109000
[7FFFCE9FE6C0]  Transmit in : hCard=264459739, SendLength=10
[7FFFCE9FE6C0]  Transmit out : ret=0, RecvLength=51 
			 RecvBuff=622F87010883020010800200108A0104860E00FF001000FF001000FF00FF0000850F00010000FF000410000000000010109000
[7FFFCE9FE6C0]  EndTransaction in : hCard=264459739
[7FFFCE9FE6C0]  EndTransaction out : ret=0
[7FFFCF1FF6C0]  IsValidContext in : hContext=1806067453
[7FFFCE9FE6C0]  Connect in : hContext=923779893
[7FFFCF1FF6C0]  IsValidContext out : ret=0
[7FFFCF1FF6C0]  ListReaders in : hContext=1806067453, ReadersBufferLen='2048'
[7FFFCE9FE6C0]  Connect out : ret=0
[7FFFCE9FE6C0]  Status in : hCard=1938654387
[7FFFCF1FF6C0]  ListReaders out : ret=0, ReadersBufferLen=59, Readers='Aladdin R.D. JaCarta [SCR Interface] (000000000000) 00 00'
[7FFFCF1FF6C0]  GetStatusChange in : hContext=1806067453
[7FFFCE9FE6C0]  Status out : ret=0
[7FFFCE9FE6C0]  Status in : hCard=1938654387
[7FFFCF1FF6C0]  GetStatusChange out : ret=0
[7FFFCE9FE6C0]  Status out : ret=0
[7FFFCF1FF6C0]  IsValidContext in : hContext=1806067453
[7FFFCE9FE6C0]  Status in : hCard=1938654387
[7FFFCF1FF6C0]  IsValidContext out : ret=0
[7FFFCF1FF6C0]  ListReaders in : hContext=1806067453, ReadersBufferLen='2048'
[7FFFCE9FE6C0]  Status out : ret=0
[7FFFCE9FE6C0]  BeginTransaction in : hCard=1938654387
[7FFFCE9FE6C0]  BeginTransaction out : ret=0
[7FFFCF1FF6C0]  ListReaders out : ret=0, ReadersBufferLen=59, Readers='Aladdin R.D. JaCarta [SCR Interface] (000000000000) 00 00'
[7FFFCF1FF6C0]  GetStatusChange in : hContext=1806067453
[7FFFCE9FE6C0]  Status in : hCard=1938654387
[7FFFCE9FE6C0]  Status out : ret=0
[7FFFCF1FF6C0]  GetStatusChange out : ret=0
[7FFFCE9FE6C0]  Transmit in : hCard=1938654387, SendLength=13
[7FFFCF1FF6C0]  IsValidContext in : hContext=1806067453
[7FFFCF1FF6C0]  IsValidContext out : ret=0
[7FFFCF1FF6C0]  ListReaders in : hContext=1806067453, ReadersBufferLen='2048'
[7FFFCF1FF6C0]  ListReaders out : ret=0, ReadersBufferLen=59, Readers='Aladdin R.D. JaCarta [SCR Interface] (000000000000) 00 00'
[7FFFCF1FF6C0]  GetStatusChange in : hContext=1806067453
[7FFFCF1FF6C0]  GetStatusChange out : ret=0
[7FFFCF1FF6C0]  BeginTransaction in : hCard=264459739
[7FFFCE9FE6C0]  Transmit out : ret=0, RecvLength=2 
			 RecvBuff=6A82
[7FFFCE9FE6C0]  Transmit in : hCard=1938654387, SendLength=12
[7FFFCE9FE6C0]  Transmit out : ret=0, RecvLength=2 
			 RecvBuff=6A82
[7FFFCE9FE6C0]  Transmit in : hCard=1938654387, SendLength=13
[7FFFCE9FE6C0]  Transmit out : ret=0, RecvLength=2 
			 RecvBuff=6A82
[7FFFCE9FE6C0]  Transmit in : hCard=1938654387, SendLength=17
[7FFFCE9FE6C0]  Transmit out : ret=0, RecvLength=2 
			 RecvBuff=9000
[7FFFCE9FE6C0]  Transmit in : hCard=1938654387, SendLength=15
[7FFFCE9FE6C0]  Transmit out : ret=0, RecvLength=2 
			 RecvBuff=6A82
[7FFFCE9FE6C0]  Transmit in : hCard=1938654387, SendLength=13
[7FFFCE9FE6C0]  Transmit out : ret=0, RecvLength=2 
			 RecvBuff=6A82
[7FFFCE9FE6C0]  Transmit in : hCard=1938654387, SendLength=13
[7FFFCE9FE6C0]  Transmit out : ret=0, RecvLength=2 
			 RecvBuff=6A82
[7FFFCE9FE6C0]  Transmit in : hCard=1938654387, SendLength=17
[7FFFCE9FE6C0]  Transmit out : ret=0, RecvLength=2 
			 RecvBuff=9000
[7FFFCE9FE6C0]  Transmit in : hCard=1938654387, SendLength=12
[7FFFCE9FE6C0]  Transmit out : ret=0, RecvLength=37 
			 RecvBuff=6221870138830230028407505249564154458A0104860C0020002000FF0010000000109000
[7FFFCE9FE6C0]  Transmit in : hCard=1938654387, SendLength=12
[7FFFCE9FE6C0]  Transmit out : ret=0, RecvLength=37 
			 RecvBuff=6221870138830230028407505249564154458A0104860C0020002000FF0010000000109000
[7FFFCE9FE6C0]  Transmit in : hCard=1938654387, SendLength=10
[7FFFCE9FE6C0]  Transmit out : ret=0, RecvLength=51 
			 RecvBuff=622F87010883020020800200108A0104860E00FF003000FF001000FF00100000850F00010000AA000410000000000010109000
[7FFFCE9FE6C0]  Transmit in : hCard=1938654387, SendLength=5
[7FFFCE9FE6C0]  Transmit out : ret=0, RecvLength=2 
			 RecvBuff=9000
[7FFFCE9FE6C0]  Transmit in : hCard=1938654387, SendLength=14
[7FFFCE9FE6C0]  Transmit out : ret=0, RecvLength=28 
			 RecvBuff=6218870138830250008A0104860C0020002000200020002000209000
[7FFFCE9FE6C0]  Transmit in : hCard=1938654387, SendLength=22
[7FFFCE9FE6C0]  Transmit out : ret=0, RecvLength=46 
			 RecvBuff=622A8701388302000284100EE0000B0000000000000000000000008A0104860C0000000000000000000000FF9000
[7FFFCE9FE6C0]  Transmit in : hCard=1938654387, SendLength=14
[7FFFCE9FE6C0]  Transmit out : ret=0, RecvLength=28 
			 RecvBuff=6218870138830250008A0104860C0020002000200020002000209000
[7FFFCE9FE6C0]  Transmit in : hCard=1938654387, SendLength=5
[7FFFCE9FE6C0]  Transmit out : ret=0, RecvLength=66 
			 RecvBuff=D1020003D21200030EE0000B00CC00000000000000000000D21200020EE0000B000000000000000000000000D21200010EE000000000000000000000000000009000
[7FFFCE9FE6C0]  Transmit in : hCard=1938654387, SendLength=14
[7FFFCE9FE6C0]  Transmit out : ret=0, RecvLength=28 
			 RecvBuff=6218870138830250008A0104860C0020002000200020002000209000
[7FFFCE9FE6C0]  Transmit in : hCard=1938654387, SendLength=22
[7FFFCE9FE6C0]  Transmit out : ret=0, RecvLength=46 
			 RecvBuff=622A8701388302000384100EE0000B00CC000000000000000000008A0104860C0000000000000000000000FF9000
[7FFFCE9FE6C0]  Transmit in : hCard=1938654387, SendLength=8
[7FFFCE9FE6C0]  Transmit out : ret=0, RecvLength=28 
			 RecvBuff=62188701018302F003800210008A0104860800000020002000209000
[7FFFCE9FE6C0]  Transmit in : hCard=1938654387, SendLength=5
[7FFFCE9FE6C0]  Transmit out : ret=0, RecvLength=18 
			 RecvBuff=30820A00308209F6A00A06082A8503029000
[7FFFCE9FE6C0]  Transmit in : hCard=1938654387, SendLength=5
[7FFFCE9FE6C0]  Transmit out : ret=0, RecvLength=257 
			 RecvBuff=0225020103020640302503020520A01F06082A85030701010601301306072A85030202240006082A85030701010202820400000000858209883082098430820931A00302010202110474A2E00081B10BA24845BB5C83E2D0A1300A06082A85030701010302308201753118301606052A85036401120D31303237373030333831323930311A301806082A85030381030101120C303037373031313035343630310B30090603550406130252553129302706035504080C20393120D0A0D0B5D181D0BFD183D0B1D0BBD0B8D0BAD0B020D09AD180D18BD0BC311F301D06035504070C16D0A1D0B8D0BCD184D0B5D180D0BED0BFD0BED0BBD18C314630440603559000
[7FFFCE9FE6C0]  Transmit in : hCard=1938654387, SendLength=5
[7FFFCE9FE6C0]  Transmit out : ret=0, RecvLength=257 
			 RecvBuff=04090C3DD09DD0B0D0B1D0B5D180D0B5D0B6D0BDD0B0D18F20D0B8D0BCD0B5D0BDD0B82036302DD0BBD0B5D182D0B8D18F20D0A1D0A1D0A1D0A02C20D0B42E33343130302E060355040B0C27D0A3D0B4D0BED181D182D0BED0B2D0B5D180D18FD18ED189D0B8D0B920D186D0B5D0BDD182D18031233021060355040A0C1AD0A0D09DD09AD09120D091D0B0D0BDD0BA2028D09FD090D09E293145304306035504030C3CD092D0BDD183D182D180D0B5D0BDD0BDD0B8D0B920D183D0B4D0BED181D182D0BED0B2D0B5D180D18FD18ED189D0B8D0B920D186D0B5D0BDD182D180301E170D3234303533313133323735325A170D3235303533313133323735325A9000
[7FFFCE9FE6C0]  Transmit in : hCard=1938654387, SendLength=5
[7FFFCE9FE6C0]  Transmit out : ret=0, RecvLength=257 
			 RecvBuff=308202053118301606052A85036401120D31303237373030333831323930311A301806082A85030381030101120C3030373730313130353436303116301406052A85036403120B31313532373534323333373120301E06092A864886F70D0109011611677261636865766B6140726E63622E7275310B30090603550406130252553135303306035504080C2C353420D09DD0BED0B2D0BED181D0B8D0B1D0B8D180D181D0BAD0B0D18F20D0BED0B1D0BBD0B0D181D182D18C3123302106035504070C1AD0B32E20D09DD0BED0B2D0BED181D0B8D0B1D0B8D180D181D0BA312E302C06035504090C25D183D0BB2E20D09ED180D0B4D0B6D0BED0BDD0B8D0BAD09000
[7FFFCE9FE6C0]  Transmit in : hCard=1938654387, SendLength=5
[7FFFCE9FE6C0]  Transmit out : ret=0, RecvLength=257 
			 RecvBuff=B8D0B4D0B7D0B520D0B42E20323331233021060355040A0C1AD0A0D09DD09AD09120D091D0B0D0BDD0BA2028D09FD090D09E293151304F060355040B0C48D094D0B5D0BFD0B0D180D182D0B0D0BCD0B5D0BDD18220D0B8D0BDD184D0BED180D0BCD0B0D186D0B8D0BED0BDD0BDD18BD18520D182D0B5D185D0BDD0BED0BBD0BED0B3D0B8D0B9311F301D060355040C0C16D0A0D0B0D0B7D180D0B0D0B1D0BED182D187D0B8D0BA312C302A060355042A0C23D09AD0B8D180D0B8D0BBD0BB20D090D0BDD0B0D182D0BED0BBD18CD0B5D0B2D0B8D1873115301306035504040C0CD093D180D0B0D187D0B5D0B2311C301A06035504030C13D093D180D0B0D1879000
[7FFFCE9FE6C0]  Transmit in : hCard=1938654387, SendLength=5
[7FFFCE9FE6C0]  Transmit out : ret=0, RecvLength=257 
			 RecvBuff=D0B5D0B220D09A2ED0902E3066301F06082A85030701010101301306072A85030202240006082A850307010102020343000440FC684BAA83170CBE7E94683D8DA2E2BD4A1DF1AE62D5451F541EF6DD6205521442B2309F906636A86ACAF0196307C3E637E1563D3FE4CEDD9DC7D13981655366A38204FF308204FB300E0603551D0F0101FF0404030203F8301D0603551D0E0416041444F3F1B00CD428B15DB7E2062ABF3DF0D227AED6301D0603551D250416301406082B0601050507030206082B060105050703043081BF06082B060105050701010481B23081AF302506082B060105050730018619687474703A2F2F737563312F6F6373702F6F6373709000
[7FFFCE9FE6C0]  Transmit in : hCard=1938654387, SendLength=5
[7FFFCE9FE6C0]  Transmit out : ret=0, RecvLength=257 
			 RecvBuff=2E737266302E06082B060105050730028622687474703A2F2F776F726B6572732E75632E726E63622E72752F726E63622E637274305606082B06010505073002864A687474703A2F2F776F726B6572732E75632E726E63622E72752F6169612F636230376331303964623630346334313433636138313239373233333235323864663137636638622E637274301D0603551D2004163014300806062A8503647101300806062A8503647102302B0603551D1004243022800F32303234303533313133323735325A810F32303235303533313133323735325A3081FB06052A850364700481F13081EE0C34D0A1D09AD097D0982022D09AD180D0B8D0BFD182D09000
[7FFFCE9FE6C0]  Transmit in : hCard=1938654387, SendLength=5
[7FFFCE9FE6C0]  Transmit out : ret=0, RecvLength=257 
			 RecvBuff=BED09FD180D0BE20435350222028D092D0B5D180D181D0B8D18F20342E30290C5AD09FD090D09A2022D0A3D0B4D0BED181D182D0BED0B2D0B5D180D18FD18ED189D0B8D0B920D186D0B5D0BDD182D1802022D09AD180D0B8D0BFD182D0BED09FD180D0BE20D0A3D0A62220D0B2D0B5D180D181D0B8D18F20322E300C2DD0A1D0A42F3132342D3330313020D0BED18220333020D0B4D0B5D0BAD0B0D0B1D180D18F203230313620D0B32E0C2BD0A1D0A42F3132382D3238383120D0BED18220313220D0B0D0BFD180D0B5D0BBD18F203230313620D0B32E303D06052A8503646F04340C32D0A1D09AD097D0982022D09AD180D0B8D0BFD182D0BED09FD180D09000
[7FFFCE9FE6C0]  Transmit in : hCard=1938654387, SendLength=5
[7FFFCE9FE6C0]  Transmit out : ret=0, RecvLength=257 
			 RecvBuff=BE204353502220D0B2D0B5D180D181D0B8D18F20342E303081A40603551D1F04819C3081993050A04EA04C864A687474703A2F2F776F726B6572732E75632E726E63622E72752F6364702F356663366664623563663831386333346330623732656438633665626332346230323831376265302E63726C3045A043A041863F687474703A2F2F63726C2E726E63622E72752F356663366664623563663831386333346330623732656438633665626332346230323831376265302E63726C308201B70603551D23048201AE308201AA80145FC6FDB5CF818C34C0B72ED8C6EBC24B02817BE0A182017DA4820179308201753118301606052A85036401120D319000
[7FFFCE9FE6C0]  Transmit in : hCard=1938654387, SendLength=5
[7FFFCE9FE6C0]  Transmit out : ret=0, RecvLength=257 
			 RecvBuff=303237373030333831323930311A301806082A85030381030101120C303037373031313035343630310B30090603550406130252553129302706035504080C20393120D0A0D0B5D181D0BFD183D0B1D0BBD0B8D0BAD0B020D09AD180D18BD0BC311F301D06035504070C16D0A1D0B8D0BCD184D0B5D180D0BED0BFD0BED0BBD18C3146304406035504090C3DD09DD0B0D0B1D0B5D180D0B5D0B6D0BDD0B0D18F20D0B8D0BCD0B5D0BDD0B82036302DD0BBD0B5D182D0B8D18F20D0A1D0A1D0A1D0A02C20D0B42E33343130302E060355040B0C27D0A3D0B4D0BED181D182D0BED0B2D0B5D180D18FD18ED189D0B8D0B920D186D0B5D0BDD182D180312330219000
[7FFFCE9FE6C0]  Transmit in : hCard=1938654387, SendLength=5
[7FFFCE9FE6C0]  Transmit out : ret=0, RecvLength=255 
			 RecvBuff=060355040A0C1AD0A0D09DD09AD09120D091D0B0D0BDD0BA2028D09FD090D09E293145304306035504030C3CD092D0BDD183D182D180D0B5D0BDD0BDD0B8D0B920D183D0B4D0BED181D182D0BED0B2D0B5D180D18FD18ED189D0B8D0B920D186D0B5D0BDD182D180821104D7BD7F0093B05EBB4A1CB2BBDB7623C7300A06082A85030701010302034100EB10C97A6DB57BCBF5959BE19DA001630BB8F70374C2BE0FE2F748A184EB71A6CCCF1E899BE3329B9AF2C110DAA1E093FE54D8EFE325D77D3971EF3C390C0CC28A08FC684BAA83170CBEAC21301F06082A8503020225030A04133011810F32303235303833313037353430385A0404AADC1D9B9000
[7FFFCE9FE6C0]  Transmit in : hCard=1938654387, SendLength=5
[7FFFCE9FE6C0]  Transmit out : ret=0, RecvLength=10 
			 RecvBuff=4E460013357550469000
[7FFFCE9FE6C0]  Transmit in : hCard=1938654387, SendLength=8
[7FFFCE9FE6C0]  Transmit out : ret=0, RecvLength=28 
			 RecvBuff=62188701018302F006800201288A0104860800000020002000209000
[7FFFCE9FE6C0]  Transmit in : hCard=1938654387, SendLength=5
[7FFFCE9FE6C0]  Transmit out : ret=0, RecvLength=12 
			 RecvBuff=3029162774652D6431639000
[7FFFCE9FE6C0]  Transmit in : hCard=1938654387, SendLength=5
[7FFFCE9FE6C0]  Transmit out : ret=0, RecvLength=35 
			 RecvBuff=34653639352D303839362D343438372D623832362D6337353430613964656235339000
[7FFFCE9FE6C0]  EndTransaction in : hCard=1938654387
[7FFFCE9FE6C0]  EndTransaction out : ret=0
[7FFFCE9FE6C0]  Status in : hCard=1938654387
[7FFFCE9FE6C0]  Status out : ret=0
[7FFFCE9FE6C0]  Disconnect in : hCard=1938654387, Disposition=0
[7FFFCE9FE6C0]  Disconnect out : ret=0
[7FFFCF1FF6C0]  BeginTransaction out : ret=0
[7FFFCF1FF6C0]  Transmit in : hCard=264459739, SendLength=17
[7FFFCF1FF6C0]  Transmit out : ret=0, RecvLength=2 
			 RecvBuff=9000
[7FFFCF1FF6C0]  Transmit in : hCard=264459739, SendLength=12
[7FFFCF1FF6C0]  Transmit out : ret=0, RecvLength=39 
			 RecvBuff=62238701018302C000800200A18409546F6B656E496E666F8A0104860800000000003000309000
[7FFFCF1FF6C0]  Transmit in : hCard=264459739, SendLength=5
[7FFFCF1FF6C0]  Transmit out : ret=0, RecvLength=163 
			 RecvBuff=2020202020202020202020202020202020202020202020202020202020202020416C616464696E20522E442E20202020202020202020202020202020202020204A614361727461204C61736572202020344534363030313333353735353034360C04000000000000000000000000000000000000100000000400000000000000FFFFFFFF00000000FFFFFFFF0100000000000000000000000000000000000000FF9000
[7FFFCF1FF6C0]  Transmit in : hCard=264459739, SendLength=5
[7FFFCF1FF6C0]  Transmit out : ret=0, RecvLength=6 
			 RecvBuff=0000CB989000
[7FFFCF1FF6C0]  Transmit in : hCard=264459739, SendLength=5
[7FFFCF1FF6C0]  Transmit out : ret=0, RecvLength=6 
			 RecvBuff=000120009000
[7FFFCF1FF6C0]  Transmit in : hCard=264459739, SendLength=10
[7FFFCF1FF6C0]  Transmit out : ret=0, RecvLength=51 
			 RecvBuff=622F87010883020020800200108A0104860E00FF003000FF001000FF00100000850F00010000AA000410000000000010109000
[7FFFCF1FF6C0]  Transmit in : hCard=264459739, SendLength=10
[7FFFCF1FF6C0]  Transmit out : ret=0, RecvLength=51 
			 RecvBuff=622F87010883020010800200108A0104860E00FF001000FF001000FF00FF0000850F00010000FF000410000000000010109000
[7FFFCF1FF6C0]  EndTransaction in : hCard=264459739
[7FFFCF1FF6C0]  EndTransaction out : ret=0
[7FFFCE9FE6C0]  IsValidContext in : hContext=1806067453
[7FFFCF1FF6C0]  Connect in : hContext=923779893
[7FFFCE9FE6C0]  IsValidContext out : ret=0
[7FFFCE9FE6C0]  ListReaders in : hContext=1806067453, ReadersBufferLen='2048'
[7FFFCF1FF6C0]  Connect out : ret=0
[7FFFCE9FE6C0]  ListReaders out : ret=0, ReadersBufferLen=59, Readers='Aladdin R.D. JaCarta [SCR Interface] (000000000000) 00 00'
[7FFFCF1FF6C0]  Status in : hCard=197813107
[7FFFCE9FE6C0]  GetStatusChange in : hContext=1806067453
[7FFFCE9FE6C0]  GetStatusChange out : ret=0
[7FFFCE9FE6C0]  IsValidContext in : hContext=1806067453
[7FFFCE9FE6C0]  IsValidContext out : ret=0
[7FFFCE9FE6C0]  ListReaders in : hContext=1806067453, ReadersBufferLen='2048'
[7FFFCF1FF6C0]  Status out : ret=0
[7FFFCF1FF6C0]  Status in : hCard=197813107
[7FFFCE9FE6C0]  ListReaders out : ret=0, ReadersBufferLen=59, Readers='Aladdin R.D. JaCarta [SCR Interface] (000000000000) 00 00'
[7FFFCE9FE6C0]  GetStatusChange in : hContext=1806067453
[7FFFCF1FF6C0]  Status out : ret=0
[7FFFCE9FE6C0]  GetStatusChange out : ret=0
[7FFFCF1FF6C0]  Status in : hCard=197813107
[7FFFCE9FE6C0]  IsValidContext in : hContext=1806067453
[7FFFCE9FE6C0]  IsValidContext out : ret=0
[7FFFCF1FF6C0]  Status out : ret=0
[7FFFCE9FE6C0]  ListReaders in : hContext=1806067453, ReadersBufferLen='2048'
[7FFFCF1FF6C0]  BeginTransaction in : hCard=197813107
[7FFFCF1FF6C0]  BeginTransaction out : ret=0
[7FFFCE9FE6C0]  ListReaders out : ret=0, ReadersBufferLen=59, Readers='Aladdin R.D. JaCarta [SCR Interface] (000000000000) 00 00'
[7FFFCE9FE6C0]  GetStatusChange in : hContext=1806067453
[7FFFCF1FF6C0]  Status in : hCard=197813107
[7FFFCF1FF6C0]  Status out : ret=0
[7FFFCE9FE6C0]  GetStatusChange out : ret=0
[7FFFCF1FF6C0]  Transmit in : hCard=197813107, SendLength=13
[7FFFCE9FE6C0]  BeginTransaction in : hCard=264459739
[7FFFCF1FF6C0]  Transmit out : ret=0, RecvLength=2 
			 RecvBuff=6A82
[7FFFCF1FF6C0]  Transmit in : hCard=197813107, SendLength=12
[7FFFCF1FF6C0]  Transmit out : ret=0, RecvLength=2 
			 RecvBuff=6A82
[7FFFCF1FF6C0]  Transmit in : hCard=197813107, SendLength=13
[7FFFCF1FF6C0]  Transmit out : ret=0, RecvLength=2 
			 RecvBuff=6A82
[7FFFCF1FF6C0]  Transmit in : hCard=197813107, SendLength=17
[7FFFCF1FF6C0]  Transmit out : ret=0, RecvLength=2 
			 RecvBuff=9000
[7FFFCF1FF6C0]  Transmit in : hCard=197813107, SendLength=15
[7FFFCF1FF6C0]  Transmit out : ret=0, RecvLength=2 
			 RecvBuff=6A82
[7FFFCF1FF6C0]  Transmit in : hCard=197813107, SendLength=13
[7FFFCF1FF6C0]  Transmit out : ret=0, RecvLength=2 
			 RecvBuff=6A82
[7FFFCF1FF6C0]  Transmit in : hCard=197813107, SendLength=13
[7FFFCF1FF6C0]  Transmit out : ret=0, RecvLength=2 
			 RecvBuff=6A82
[7FFFCF1FF6C0]  Transmit in : hCard=197813107, SendLength=17
[7FFFCF1FF6C0]  Transmit out : ret=0, RecvLength=2 
			 RecvBuff=9000
[7FFFCF1FF6C0]  Transmit in : hCard=197813107, SendLength=12
[7FFFCF1FF6C0]  Transmit out : ret=0, RecvLength=37 
			 RecvBuff=6221870138830230028407505249564154458A0104860C0020002000FF0010000000109000
[7FFFCF1FF6C0]  Transmit in : hCard=197813107, SendLength=12
[7FFFCF1FF6C0]  Transmit out : ret=0, RecvLength=37 
			 RecvBuff=6221870138830230028407505249564154458A0104860C0020002000FF0010000000109000
[7FFFCF1FF6C0]  Transmit in : hCard=197813107, SendLength=10
[7FFFCF1FF6C0]  Transmit out : ret=0, RecvLength=51 
			 RecvBuff=622F87010883020020800200108A0104860E00FF003000FF001000FF00100000850F00010000AA000410000000000010109000
[7FFFCF1FF6C0]  Transmit in : hCard=197813107, SendLength=5
[7FFFCF1FF6C0]  Transmit out : ret=0, RecvLength=2 
			 RecvBuff=9000
[7FFFCF1FF6C0]  Transmit in : hCard=197813107, SendLength=14
[7FFFCF1FF6C0]  Transmit out : ret=0, RecvLength=28 
			 RecvBuff=6218870138830250008A0104860C0020002000200020002000209000
[7FFFCF1FF6C0]  Transmit in : hCard=197813107, SendLength=22
[7FFFCF1FF6C0]  Transmit out : ret=0, RecvLength=46 
			 RecvBuff=622A8701388302000284100EE0000B0000000000000000000000008A0104860C0000000000000000000000FF9000
[7FFFCF1FF6C0]  Transmit in : hCard=197813107, SendLength=14
[7FFFCF1FF6C0]  Transmit out : ret=0, RecvLength=28 
			 RecvBuff=6218870138830250008A0104860C0020002000200020002000209000
[7FFFCF1FF6C0]  Transmit in : hCard=197813107, SendLength=5
[7FFFCF1FF6C0]  Transmit out : ret=0, RecvLength=66 
			 RecvBuff=D1020003D21200030EE0000B00CC00000000000000000000D21200020EE0000B000000000000000000000000D21200010EE000000000000000000000000000009000
[7FFFCF1FF6C0]  Transmit in : hCard=197813107, SendLength=14
[7FFFCF1FF6C0]  Transmit out : ret=0, RecvLength=28 
			 RecvBuff=6218870138830250008A0104860C0020002000200020002000209000
[7FFFCF1FF6C0]  Transmit in : hCard=197813107, SendLength=22
[7FFFCF1FF6C0]  Transmit out : ret=0, RecvLength=46 
			 RecvBuff=622A8701388302000384100EE0000B00CC000000000000000000008A0104860C0000000000000000000000FF9000
[7FFFCF1FF6C0]  Transmit in : hCard=197813107, SendLength=5
[7FFFCF1FF6C0]  Transmit out : ret=0, RecvLength=10 
			 RecvBuff=4E460013357550469000
[7FFFCF1FF6C0]  Transmit in : hCard=197813107, SendLength=8
[7FFFCF1FF6C0]  Transmit out : ret=0, RecvLength=28 
			 RecvBuff=62188701018302F006800201288A0104860800000020002000209000
[7FFFCF1FF6C0]  Transmit in : hCard=197813107, SendLength=5
[7FFFCF1FF6C0]  Transmit out : ret=0, RecvLength=12 
			 RecvBuff=3029162774652D6431639000
[7FFFCF1FF6C0]  Transmit in : hCard=197813107, SendLength=5
[7FFFCF1FF6C0]  Transmit out : ret=0, RecvLength=35 
			 RecvBuff=34653639352D303839362D343438372D623832362D6337353430613964656235339000
[7FFFCF1FF6C0]  EndTransaction in : hCard=197813107
[7FFFCF1FF6C0]  EndTransaction out : ret=0
[7FFFCF1FF6C0]  Status in : hCard=197813107
[7FFFCF1FF6C0]  Status out : ret=0
[7FFFCF1FF6C0]  Status in : hCard=197813107
[7FFFCF1FF6C0]  Status out : ret=0
[7FFFCF1FF6C0]  BeginTransaction in : hCard=197813107
[7FFFCF1FF6C0]  BeginTransaction out : ret=0
[7FFFCF1FF6C0]  Status in : hCard=197813107
[7FFFCF1FF6C0]  Status out : ret=0
[7FFFCF1FF6C0]  Transmit in : hCard=197813107, SendLength=17
[7FFFCF1FF6C0]  Transmit out : ret=0, RecvLength=2 
			 RecvBuff=9000
[7FFFCF1FF6C0]  EndTransaction in : hCard=197813107
[7FFFCF1FF6C0]  EndTransaction out : ret=0
[7FFFCF1FF6C0]  Status in : hCard=197813107
[7FFFCF1FF6C0]  Status out : ret=0
[7FFFCF1FF6C0]  Disconnect in : hCard=197813107, Disposition=0
[7FFFCF1FF6C0]  Disconnect out : ret=0
[7FFFCE9FE6C0]  BeginTransaction out : ret=0
[7FFFCE9FE6C0]  Transmit in : hCard=264459739, SendLength=17
[7FFFCE9FE6C0]  Transmit out : ret=0, RecvLength=2 
			 RecvBuff=9000
[7FFFCE9FE6C0]  Transmit in : hCard=264459739, SendLength=12
[7FFFCE9FE6C0]  Transmit out : ret=0, RecvLength=39 
			 RecvBuff=62238701018302C000800200A18409546F6B656E496E666F8A0104860800000000003000309000
[7FFFCE9FE6C0]  Transmit in : hCard=264459739, SendLength=5
[7FFFCE9FE6C0]  Transmit out : ret=0, RecvLength=163 
			 RecvBuff=2020202020202020202020202020202020202020202020202020202020202020416C616464696E20522E442E20202020202020202020202020202020202020204A614361727461204C61736572202020344534363030313333353735353034360C04000000000000000000000000000000000000100000000400000000000000FFFFFFFF00000000FFFFFFFF0100000000000000000000000000000000000000FF9000
[7FFFCE9FE6C0]  Transmit in : hCard=264459739, SendLength=5
[7FFFCE9FE6C0]  Transmit out : ret=0, RecvLength=6 
			 RecvBuff=0000CB989000
[7FFFCE9FE6C0]  Transmit in : hCard=264459739, SendLength=5
[7FFFCE9FE6C0]  Transmit out : ret=0, RecvLength=6 
			 RecvBuff=000120009000
[7FFFCE9FE6C0]  Transmit in : hCard=264459739, SendLength=10
[7FFFCE9FE6C0]  Transmit out : ret=0, RecvLength=51 
			 RecvBuff=622F87010883020020800200108A0104860E00FF003000FF001000FF00100000850F00010000AA000410000000000010109000
[7FFFCE9FE6C0]  Transmit in : hCard=264459739, SendLength=10
[7FFFCE9FE6C0]  Transmit out : ret=0, RecvLength=51 
			 RecvBuff=622F87010883020010800200108A0104860E00FF001000FF001000FF00FF0000850F00010000FF000410000000000010109000
[7FFFCE9FE6C0]  EndTransaction in : hCard=264459739
[7FFFCE9FE6C0]  EndTransaction out : ret=0
[7FFFCE9FE6C0]  Connect in : hContext=923779893
[7FFFCE9FE6C0]  Connect out : ret=0
[7FFFCE9FE6C0]  Status in : hCard=1735910554
[7FFFCE9FE6C0]  Status out : ret=0
[7FFFCE9FE6C0]  Status in : hCard=1735910554
[7FFFCE9FE6C0]  Status out : ret=0
[7FFFCE9FE6C0]  Status in : hCard=1735910554
[7FFFCE9FE6C0]  Status out : ret=0
[7FFFCE9FE6C0]  BeginTransaction in : hCard=1735910554
[7FFFCE9FE6C0]  BeginTransaction out : ret=0
[7FFFCE9FE6C0]  Status in : hCard=1735910554
[7FFFCE9FE6C0]  Status out : ret=0
[7FFFCE9FE6C0]  Transmit in : hCard=1735910554, SendLength=13
[7FFFCE9FE6C0]  Transmit out : ret=0, RecvLength=2 
			 RecvBuff=6A82
[7FFFCE9FE6C0]  Transmit in : hCard=1735910554, SendLength=12
[7FFFCE9FE6C0]  Transmit out : ret=0, RecvLength=2 
			 RecvBuff=6A82
[7FFFCE9FE6C0]  Transmit in : hCard=1735910554, SendLength=13
[7FFFCE9FE6C0]  Transmit out : ret=0, RecvLength=2 
			 RecvBuff=6A82
[7FFFCE9FE6C0]  Transmit in : hCard=1735910554, SendLength=17
[7FFFCE9FE6C0]  Transmit out : ret=0, RecvLength=2 
			 RecvBuff=9000
[7FFFCE9FE6C0]  Transmit in : hCard=1735910554, SendLength=15
[7FFFCE9FE6C0]  Transmit out : ret=0, RecvLength=2 
			 RecvBuff=6A82
[7FFFCE9FE6C0]  Transmit in : hCard=1735910554, SendLength=13
[7FFFCE9FE6C0]  Transmit out : ret=0, RecvLength=2 
			 RecvBuff=6A82
[7FFFCE9FE6C0]  Transmit in : hCard=1735910554, SendLength=13
[7FFFCE9FE6C0]  Transmit out : ret=0, RecvLength=2 
			 RecvBuff=6A82
[7FFFCE9FE6C0]  Transmit in : hCard=1735910554, SendLength=17
[7FFFCE9FE6C0]  Transmit out : ret=0, RecvLength=2 
			 RecvBuff=9000
[7FFFCE9FE6C0]  Transmit in : hCard=1735910554, SendLength=12
[7FFFCE9FE6C0]  Transmit out : ret=0, RecvLength=37 
			 RecvBuff=6221870138830230028407505249564154458A0104860C0020002000FF0010000000109000
[7FFFCE9FE6C0]  Transmit in : hCard=1735910554, SendLength=12
[7FFFCE9FE6C0]  Transmit out : ret=0, RecvLength=37 
			 RecvBuff=6221870138830230028407505249564154458A0104860C0020002000FF0010000000109000
[7FFFCE9FE6C0]  Transmit in : hCard=1735910554, SendLength=10
[7FFFCE9FE6C0]  Transmit out : ret=0, RecvLength=51 
			 RecvBuff=622F87010883020020800200108A0104860E00FF003000FF001000FF00100000850F00010000AA000410000000000010109000
[7FFFCE9FE6C0]  Transmit in : hCard=1735910554, SendLength=5
[7FFFCE9FE6C0]  Transmit out : ret=0, RecvLength=2 
			 RecvBuff=9000
[7FFFCE9FE6C0]  Transmit in : hCard=1735910554, SendLength=14
[7FFFCE9FE6C0]  Transmit out : ret=0, RecvLength=28 
			 RecvBuff=6218870138830250008A0104860C0020002000200020002000209000
[7FFFCE9FE6C0]  Transmit in : hCard=1735910554, SendLength=22
[7FFFCE9FE6C0]  Transmit out : ret=0, RecvLength=46 
			 RecvBuff=622A8701388302000284100EE0000B0000000000000000000000008A0104860C0000000000000000000000FF9000
[7FFFCE9FE6C0]  Transmit in : hCard=1735910554, SendLength=14
[7FFFCE9FE6C0]  Transmit out : ret=0, RecvLength=28 
			 RecvBuff=6218870138830250008A0104860C0020002000200020002000209000
[7FFFCE9FE6C0]  Transmit in : hCard=1735910554, SendLength=5
[7FFFCE9FE6C0]  Transmit out : ret=0, RecvLength=66 
			 RecvBuff=D1020003D21200030EE0000B00CC00000000000000000000D21200020EE0000B000000000000000000000000D21200010EE000000000000000000000000000009000
[7FFFCE9FE6C0]  Transmit in : hCard=1735910554, SendLength=14
[7FFFCE9FE6C0]  Transmit out : ret=0, RecvLength=28 
			 RecvBuff=6218870138830250008A0104860C0020002000200020002000209000
[7FFFCE9FE6C0]  Transmit in : hCard=1735910554, SendLength=22
[7FFFCE9FE6C0]  Transmit out : ret=0, RecvLength=46 
			 RecvBuff=622A8701388302000384100EE0000B00CC000000000000000000008A0104860C0000000000000000000000FF9000
[7FFFCE9FE6C0]  Transmit in : hCard=1735910554, SendLength=8
[7FFFCE9FE6C0]  Transmit out : ret=0, RecvLength=28 
			 RecvBuff=62188701018302F003800210008A0104860800000020002000209000
[7FFFCE9FE6C0]  Transmit in : hCard=1735910554, SendLength=5
[7FFFCE9FE6C0]  Transmit out : ret=0, RecvLength=18 
			 RecvBuff=30820A00308209F6A00A06082A8503029000
[7FFFCE9FE6C0]  Transmit in : hCard=1735910554, SendLength=5
[7FFFCE9FE6C0]  Transmit out : ret=0, RecvLength=257 
			 RecvBuff=0225020103020640302503020520A01F06082A85030701010601301306072A85030202240006082A85030701010202820400000000858209883082098430820931A00302010202110474A2E00081B10BA24845BB5C83E2D0A1300A06082A85030701010302308201753118301606052A85036401120D31303237373030333831323930311A301806082A85030381030101120C303037373031313035343630310B30090603550406130252553129302706035504080C20393120D0A0D0B5D181D0BFD183D0B1D0BBD0B8D0BAD0B020D09AD180D18BD0BC311F301D06035504070C16D0A1D0B8D0BCD184D0B5D180D0BED0BFD0BED0BBD18C314630440603559000
[7FFFCE9FE6C0]  Transmit in : hCard=1735910554, SendLength=5
[7FFFCE9FE6C0]  Transmit out : ret=0, RecvLength=257 
			 RecvBuff=04090C3DD09DD0B0D0B1D0B5D180D0B5D0B6D0BDD0B0D18F20D0B8D0BCD0B5D0BDD0B82036302DD0BBD0B5D182D0B8D18F20D0A1D0A1D0A1D0A02C20D0B42E33343130302E060355040B0C27D0A3D0B4D0BED181D182D0BED0B2D0B5D180D18FD18ED189D0B8D0B920D186D0B5D0BDD182D18031233021060355040A0C1AD0A0D09DD09AD09120D091D0B0D0BDD0BA2028D09FD090D09E293145304306035504030C3CD092D0BDD183D182D180D0B5D0BDD0BDD0B8D0B920D183D0B4D0BED181D182D0BED0B2D0B5D180D18FD18ED189D0B8D0B920D186D0B5D0BDD182D180301E170D3234303533313133323735325A170D3235303533313133323735325A9000
[7FFFCE9FE6C0]  Transmit in : hCard=1735910554, SendLength=5
[7FFFCE9FE6C0]  Transmit out : ret=0, RecvLength=257 
			 RecvBuff=308202053118301606052A85036401120D31303237373030333831323930311A301806082A85030381030101120C3030373730313130353436303116301406052A85036403120B31313532373534323333373120301E06092A864886F70D0109011611677261636865766B6140726E63622E7275310B30090603550406130252553135303306035504080C2C353420D09DD0BED0B2D0BED181D0B8D0B1D0B8D180D181D0BAD0B0D18F20D0BED0B1D0BBD0B0D181D182D18C3123302106035504070C1AD0B32E20D09DD0BED0B2D0BED181D0B8D0B1D0B8D180D181D0BA312E302C06035504090C25D183D0BB2E20D09ED180D0B4D0B6D0BED0BDD0B8D0BAD09000
[7FFFCE9FE6C0]  Transmit in : hCard=1735910554, SendLength=5
[7FFFCE9FE6C0]  Transmit out : ret=0, RecvLength=257 
			 RecvBuff=B8D0B4D0B7D0B520D0B42E20323331233021060355040A0C1AD0A0D09DD09AD09120D091D0B0D0BDD0BA2028D09FD090D09E293151304F060355040B0C48D094D0B5D0BFD0B0D180D182D0B0D0BCD0B5D0BDD18220D0B8D0BDD184D0BED180D0BCD0B0D186D0B8D0BED0BDD0BDD18BD18520D182D0B5D185D0BDD0BED0BBD0BED0B3D0B8D0B9311F301D060355040C0C16D0A0D0B0D0B7D180D0B0D0B1D0BED182D187D0B8D0BA312C302A060355042A0C23D09AD0B8D180D0B8D0BBD0BB20D090D0BDD0B0D182D0BED0BBD18CD0B5D0B2D0B8D1873115301306035504040C0CD093D180D0B0D187D0B5D0B2311C301A06035504030C13D093D180D0B0D1879000
[7FFFCE9FE6C0]  Transmit in : hCard=1735910554, SendLength=5
[7FFFCE9FE6C0]  Transmit out : ret=0, RecvLength=257 
			 RecvBuff=D0B5D0B220D09A2ED0902E3066301F06082A85030701010101301306072A85030202240006082A850307010102020343000440FC684BAA83170CBE7E94683D8DA2E2BD4A1DF1AE62D5451F541EF6DD6205521442B2309F906636A86ACAF0196307C3E637E1563D3FE4CEDD9DC7D13981655366A38204FF308204FB300E0603551D0F0101FF0404030203F8301D0603551D0E0416041444F3F1B00CD428B15DB7E2062ABF3DF0D227AED6301D0603551D250416301406082B0601050507030206082B060105050703043081BF06082B060105050701010481B23081AF302506082B060105050730018619687474703A2F2F737563312F6F6373702F6F6373709000
[7FFFCE9FE6C0]  Transmit in : hCard=1735910554, SendLength=5
[7FFFCE9FE6C0]  Transmit out : ret=0, RecvLength=257 
			 RecvBuff=2E737266302E06082B060105050730028622687474703A2F2F776F726B6572732E75632E726E63622E72752F726E63622E637274305606082B06010505073002864A687474703A2F2F776F726B6572732E75632E726E63622E72752F6169612F636230376331303964623630346334313433636138313239373233333235323864663137636638622E637274301D0603551D2004163014300806062A8503647101300806062A8503647102302B0603551D1004243022800F32303234303533313133323735325A810F32303235303533313133323735325A3081FB06052A850364700481F13081EE0C34D0A1D09AD097D0982022D09AD180D0B8D0BFD182D09000
[7FFFCE9FE6C0]  Transmit in : hCard=1735910554, SendLength=5
[7FFFCE9FE6C0]  Transmit out : ret=0, RecvLength=257 
			 RecvBuff=BED09FD180D0BE20435350222028D092D0B5D180D181D0B8D18F20342E30290C5AD09FD090D09A2022D0A3D0B4D0BED181D182D0BED0B2D0B5D180D18FD18ED189D0B8D0B920D186D0B5D0BDD182D1802022D09AD180D0B8D0BFD182D0BED09FD180D0BE20D0A3D0A62220D0B2D0B5D180D181D0B8D18F20322E300C2DD0A1D0A42F3132342D3330313020D0BED18220333020D0B4D0B5D0BAD0B0D0B1D180D18F203230313620D0B32E0C2BD0A1D0A42F3132382D3238383120D0BED18220313220D0B0D0BFD180D0B5D0BBD18F203230313620D0B32E303D06052A8503646F04340C32D0A1D09AD097D0982022D09AD180D0B8D0BFD182D0BED09FD180D09000
[7FFFCE9FE6C0]  Transmit in : hCard=1735910554, SendLength=5
[7FFFCE9FE6C0]  Transmit out : ret=0, RecvLength=257 
			 RecvBuff=BE204353502220D0B2D0B5D180D181D0B8D18F20342E303081A40603551D1F04819C3081993050A04EA04C864A687474703A2F2F776F726B6572732E75632E726E63622E72752F6364702F356663366664623563663831386333346330623732656438633665626332346230323831376265302E63726C3045A043A041863F687474703A2F2F63726C2E726E63622E72752F356663366664623563663831386333346330623732656438633665626332346230323831376265302E63726C308201B70603551D23048201AE308201AA80145FC6FDB5CF818C34C0B72ED8C6EBC24B02817BE0A182017DA4820179308201753118301606052A85036401120D319000
[7FFFCE9FE6C0]  Transmit in : hCard=1735910554, SendLength=5
[7FFFCE9FE6C0]  Transmit out : ret=0, RecvLength=257 
			 RecvBuff=303237373030333831323930311A301806082A85030381030101120C303037373031313035343630310B30090603550406130252553129302706035504080C20393120D0A0D0B5D181D0BFD183D0B1D0BBD0B8D0BAD0B020D09AD180D18BD0BC311F301D06035504070C16D0A1D0B8D0BCD184D0B5D180D0BED0BFD0BED0BBD18C3146304406035504090C3DD09DD0B0D0B1D0B5D180D0B5D0B6D0BDD0B0D18F20D0B8D0BCD0B5D0BDD0B82036302DD0BBD0B5D182D0B8D18F20D0A1D0A1D0A1D0A02C20D0B42E33343130302E060355040B0C27D0A3D0B4D0BED181D182D0BED0B2D0B5D180D18FD18ED189D0B8D0B920D186D0B5D0BDD182D180312330219000
[7FFFCE9FE6C0]  Transmit in : hCard=1735910554, SendLength=5
[7FFFCE9FE6C0]  Transmit out : ret=0, RecvLength=255 
			 RecvBuff=060355040A0C1AD0A0D09DD09AD09120D091D0B0D0BDD0BA2028D09FD090D09E293145304306035504030C3CD092D0BDD183D182D180D0B5D0BDD0BDD0B8D0B920D183D0B4D0BED181D182D0BED0B2D0B5D180D18FD18ED189D0B8D0B920D186D0B5D0BDD182D180821104D7BD7F0093B05EBB4A1CB2BBDB7623C7300A06082A85030701010302034100EB10C97A6DB57BCBF5959BE19DA001630BB8F70374C2BE0FE2F748A184EB71A6CCCF1E899BE3329B9AF2C110DAA1E093FE54D8EFE325D77D3971EF3C390C0CC28A08FC684BAA83170CBEAC21301F06082A8503020225030A04133011810F32303235303833313037353430385A0404AADC1D9B9000
[7FFFCE9FE6C0]  Transmit in : hCard=1735910554, SendLength=5
[7FFFCE9FE6C0]  Transmit out : ret=0, RecvLength=10 
			 RecvBuff=4E460013357550469000
[7FFFCE9FE6C0]  Transmit in : hCard=1735910554, SendLength=8
[7FFFCE9FE6C0]  Transmit out : ret=0, RecvLength=28 
			 RecvBuff=62188701018302F006800201288A0104860800000020002000209000
[7FFFCE9FE6C0]  Transmit in : hCard=1735910554, SendLength=5
[7FFFCE9FE6C0]  Transmit out : ret=0, RecvLength=12 
			 RecvBuff=3029162774652D6431639000
[7FFFCE9FE6C0]  Transmit in : hCard=1735910554, SendLength=5
[7FFFCE9FE6C0]  Transmit out : ret=0, RecvLength=35 
			 RecvBuff=34653639352D303839362D343438372D623832362D6337353430613964656235339000
[7FFFCE9FE6C0]  EndTransaction in : hCard=1735910554
[7FFFCE9FE6C0]  EndTransaction out : ret=0
[7FFFCE9FE6C0]  Status in : hCard=1735910554
[7FFFCE9FE6C0]  Status out : ret=0
[7FFFCE9FE6C0]  IsValidContext in : hContext=1806067453
[7FFFCE9FE6C0]  IsValidContext out : ret=0
[7FFFCE9FE6C0]  ListReaders in : hContext=1806067453, ReadersBufferLen='2048'
[7FFFCE9FE6C0]  ListReaders out : ret=0, ReadersBufferLen=59, Readers='Aladdin R.D. JaCarta [SCR Interface] (000000000000) 00 00'
[7FFFCE9FE6C0]  GetStatusChange in : hContext=1806067453
[7FFFCE9FE6C0]  GetStatusChange out : ret=0
[7FFFCE9FE6C0]  IsValidContext in : hContext=1806067453
[7FFFCE9FE6C0]  IsValidContext out : ret=0
[7FFFCE9FE6C0]  ListReaders in : hContext=1806067453, ReadersBufferLen='2048'
[7FFFCE9FE6C0]  ListReaders out : ret=0, ReadersBufferLen=59, Readers='Aladdin R.D. JaCarta [SCR Interface] (000000000000) 00 00'
[7FFFCE9FE6C0]  GetStatusChange in : hContext=1806067453
[7FFFCE9FE6C0]  GetStatusChange out : ret=0
[7FFFCE9FE6C0]  IsValidContext in : hContext=1806067453
[7FFFCE9FE6C0]  IsValidContext out : ret=0
[7FFFCE9FE6C0]  ListReaders in : hContext=1806067453, ReadersBufferLen='2048'
[7FFFCE9FE6C0]  ListReaders out : ret=0, ReadersBufferLen=59, Readers='Aladdin R.D. JaCarta [SCR Interface] (000000000000) 00 00'
[7FFFCE9FE6C0]  GetStatusChange in : hContext=1806067453
[7FFFCE9FE6C0]  GetStatusChange out : ret=0
[7FFFCE9FE6C0]  ListReaders in : hContext=923779893, ReadersBufferLen='0'
[7FFFCE9FE6C0]  ListReaders out : ret=0, ReadersBufferLen=59, Readers=''
[7FFFCE9FE6C0]  ListReaders in : hContext=923779893, ReadersBufferLen='59'
[7FFFCE9FE6C0]  ListReaders out : ret=0, ReadersBufferLen=59, Readers='Aladdin R.D. JaCarta [SCR Interface] (000000000000) 00 00'
[7FFFCE9FE6C0]  IsValidContext in : hContext=1806067453
[7FFFCE9FE6C0]  IsValidContext out : ret=0
[7FFFCE9FE6C0]  ListReaders in : hContext=1806067453, ReadersBufferLen='2048'
[7FFFCE9FE6C0]  ListReaders out : ret=0, ReadersBufferLen=59, Readers='Aladdin R.D. JaCarta [SCR Interface] (000000000000) 00 00'
[7FFFCE9FE6C0]  GetStatusChange in : hContext=1806067453
[7FFFCE9FE6C0]  GetStatusChange out : ret=0
[7FFFCE9FE6C0]  IsValidContext in : hContext=1806067453
[7FFFCE9FE6C0]  IsValidContext out : ret=0
[7FFFCE9FE6C0]  ListReaders in : hContext=1806067453, ReadersBufferLen='2048'
[7FFFCE9FE6C0]  ListReaders out : ret=0, ReadersBufferLen=59, Readers='Aladdin R.D. JaCarta [SCR Interface] (000000000000) 00 00'
[7FFFCE9FE6C0]  GetStatusChange in : hContext=1806067453
[7FFFCE9FE6C0]  GetStatusChange out : ret=0
[7FFFCE9FE6C0]  IsValidContext in : hContext=1806067453
[7FFFCE9FE6C0]  IsValidContext out : ret=0
[7FFFCE9FE6C0]  ListReaders in : hContext=1806067453, ReadersBufferLen='2048'
[7FFFCE9FE6C0]  ListReaders out : ret=0, ReadersBufferLen=59, Readers='Aladdin R.D. JaCarta [SCR Interface] (000000000000) 00 00'
[7FFFCE9FE6C0]  GetStatusChange in : hContext=1806067453
[7FFFCE9FE6C0]  GetStatusChange out : ret=0
[7FFFCE9FE6C0]  BeginTransaction in : hCard=264459739
[7FFFCE9FE6C0]  BeginTransaction out : ret=0
[7FFFCE9FE6C0]  Transmit in : hCard=264459739, SendLength=17
[7FFFCE9FE6C0]  Transmit out : ret=0, RecvLength=2 
			 RecvBuff=9000
[7FFFCE9FE6C0]  Transmit in : hCard=264459739, SendLength=12
[7FFFCE9FE6C0]  Transmit out : ret=0, RecvLength=39 
			 RecvBuff=62238701018302C000800200A18409546F6B656E496E666F8A0104860800000000003000309000
[7FFFCE9FE6C0]  Transmit in : hCard=264459739, SendLength=5
[7FFFCE9FE6C0]  Transmit out : ret=0, RecvLength=163 
			 RecvBuff=2020202020202020202020202020202020202020202020202020202020202020416C616464696E20522E442E20202020202020202020202020202020202020204A614361727461204C61736572202020344534363030313333353735353034360C04000000000000000000000000000000000000100000000400000000000000FFFFFFFF00000000FFFFFFFF0100000000000000000000000000000000000000FF9000
[7FFFCE9FE6C0]  Transmit in : hCard=264459739, SendLength=5
[7FFFCE9FE6C0]  Transmit out : ret=0, RecvLength=6 
			 RecvBuff=0000CB989000
[7FFFCE9FE6C0]  Transmit in : hCard=264459739, SendLength=5
[7FFFCE9FE6C0]  Transmit out : ret=0, RecvLength=6 
			 RecvBuff=000120009000
[7FFFCE9FE6C0]  Transmit in : hCard=264459739, SendLength=10
[7FFFCE9FE6C0]  Transmit out : ret=0, RecvLength=51 
			 RecvBuff=622F87010883020020800200108A0104860E00FF003000FF001000FF00100000850F00010000AA000410000000000010109000
[7FFFCE9FE6C0]  Transmit in : hCard=264459739, SendLength=10
[7FFFCE9FE6C0]  Transmit out : ret=0, RecvLength=51 
			 RecvBuff=622F87010883020010800200108A0104860E00FF001000FF001000FF00FF0000850F00010000FF000410000000000010109000
[7FFFCE9FE6C0]  EndTransaction in : hCard=264459739
[7FFFCE9FE6C0]  EndTransaction out : ret=0
[7FFFCE9FE6C0]  Status in : hCard=1735910554
[7FFFCE9FE6C0]  Status out : ret=0
[7FFFCE9FE6C0]  Status in : hCard=1735910554
[7FFFCE9FE6C0]  Status out : ret=0
[7FFFCE9FE6C0]  Status in : hCard=1735910554
[7FFFCE9FE6C0]  Status out : ret=0
[7FFFCE9FE6C0]  BeginTransaction in : hCard=1735910554
[7FFFCE9FE6C0]  BeginTransaction out : ret=0
[7FFFCE9FE6C0]  Status in : hCard=1735910554
[7FFFCE9FE6C0]  Status out : ret=0
[7FFFCE9FE6C0]  Transmit in : hCard=1735910554, SendLength=13
[7FFFCE9FE6C0]  Transmit out : ret=0, RecvLength=2 
			 RecvBuff=6A82
[7FFFCE9FE6C0]  Transmit in : hCard=1735910554, SendLength=12
[7FFFCE9FE6C0]  Transmit out : ret=0, RecvLength=2 
			 RecvBuff=6A82
[7FFFCE9FE6C0]  Transmit in : hCard=1735910554, SendLength=13
[7FFFCE9FE6C0]  Transmit out : ret=0, RecvLength=2 
			 RecvBuff=6A82
[7FFFCE9FE6C0]  Transmit in : hCard=1735910554, SendLength=17
[7FFFCE9FE6C0]  Transmit out : ret=0, RecvLength=2 
			 RecvBuff=9000
[7FFFCE9FE6C0]  Transmit in : hCard=1735910554, SendLength=15
[7FFFCE9FE6C0]  Transmit out : ret=0, RecvLength=2 
			 RecvBuff=6A82
[7FFFCE9FE6C0]  Transmit in : hCard=1735910554, SendLength=13
[7FFFCE9FE6C0]  Transmit out : ret=0, RecvLength=2 
			 RecvBuff=6A82
[7FFFCE9FE6C0]  Transmit in : hCard=1735910554, SendLength=13
[7FFFCE9FE6C0]  Transmit out : ret=0, RecvLength=2 
			 RecvBuff=6A82
[7FFFCE9FE6C0]  Transmit in : hCard=1735910554, SendLength=17
[7FFFCE9FE6C0]  Transmit out : ret=0, RecvLength=2 
			 RecvBuff=9000
[7FFFCE9FE6C0]  Transmit in : hCard=1735910554, SendLength=12
[7FFFCE9FE6C0]  Transmit out : ret=0, RecvLength=37 
			 RecvBuff=6221870138830230028407505249564154458A0104860C0020002000FF0010000000109000
[7FFFCE9FE6C0]  Transmit in : hCard=1735910554, SendLength=12
[7FFFCE9FE6C0]  Transmit out : ret=0, RecvLength=37 
			 RecvBuff=6221870138830230028407505249564154458A0104860C0020002000FF0010000000109000
[7FFFCE9FE6C0]  Transmit in : hCard=1735910554, SendLength=10
[7FFFCE9FE6C0]  Transmit out : ret=0, RecvLength=51 
			 RecvBuff=622F87010883020020800200108A0104860E00FF003000FF001000FF00100000850F00010000AA000410000000000010109000
[7FFFCE9FE6C0]  Transmit in : hCard=1735910554, SendLength=5
[7FFFCE9FE6C0]  Transmit out : ret=0, RecvLength=2 
			 RecvBuff=9000
[7FFFCE9FE6C0]  Transmit in : hCard=1735910554, SendLength=5
[7FFFCE9FE6C0]  Transmit out : ret=0, RecvLength=10 
			 RecvBuff=4E460013357550469000
[7FFFCE9FE6C0]  Transmit in : hCard=1735910554, SendLength=14
[7FFFCE9FE6C0]  Transmit out : ret=0, RecvLength=28 
			 RecvBuff=6218870138830250008A0104860C0020002000200020002000209000
[7FFFCE9FE6C0]  Transmit in : hCard=1735910554, SendLength=22
[7FFFCE9FE6C0]  Transmit out : ret=0, RecvLength=46 
			 RecvBuff=622A8701388302000384100EE0000B00CC000000000000000000008A0104860C0000000000000000000000FF9000
[7FFFCE9FE6C0]  Transmit in : hCard=1735910554, SendLength=8
[7FFFCE9FE6C0]  Transmit out : ret=0, RecvLength=28 
			 RecvBuff=62188701018302F006800201288A0104860800000020002000209000
[7FFFCE9FE6C0]  Transmit in : hCard=1735910554, SendLength=5
[7FFFCF1FF6C0]  ListReaders in : hContext=923779893, ReadersBufferLen='0'
[7FFFCE9FE6C0]  Transmit out : ret=0, RecvLength=12 
			 RecvBuff=3029162774652D6431639000
[7FFFCE9FE6C0]  Transmit in : hCard=1735910554, SendLength=5
[7FFFCF1FF6C0]  ListReaders out : ret=0, ReadersBufferLen=59, Readers=''
[7FFFCF1FF6C0]  ListReaders in : hContext=923779893, ReadersBufferLen='59'
[7FFFCF1FF6C0]  ListReaders out : ret=0, ReadersBufferLen=59, Readers='Aladdin R.D. JaCarta [SCR Interface] (000000000000) 00 00'
[7FFFCE9FE6C0]  Transmit out : ret=0, RecvLength=35 
			 RecvBuff=34653639352D303839362D343438372D623832362D6337353430613964656235339000
[7FFFCE9FE6C0]  Transmit in : hCard=1735910554, SendLength=17
[7FFFCF1FF6C0]  IsValidContext in : hContext=1806067453
[7FFFCF1FF6C0]  IsValidContext out : ret=0
[7FFFCF1FF6C0]  ListReaders in : hContext=1806067453, ReadersBufferLen='2048'
[7FFFCF1FF6C0]  ListReaders out : ret=0, ReadersBufferLen=59, Readers='Aladdin R.D. JaCarta [SCR Interface] (000000000000) 00 00'
[7FFFCF1FF6C0]  GetStatusChange in : hContext=1806067453
[7FFFCF1FF6C0]  GetStatusChange out : ret=0
[7FFFCF1FF6C0]  IsValidContext in : hContext=1806067453
[7FFFCF1FF6C0]  IsValidContext out : ret=0
[7FFFCF1FF6C0]  ListReaders in : hContext=1806067453, ReadersBufferLen='2048'
[7FFFCF1FF6C0]  ListReaders out : ret=0, ReadersBufferLen=59, Readers='Aladdin R.D. JaCarta [SCR Interface] (000000000000) 00 00'
[7FFFCF1FF6C0]  GetStatusChange in : hContext=1806067453
[7FFFCF1FF6C0]  GetStatusChange out : ret=0
[7FFFCF1FF6C0]  IsValidContext in : hContext=1806067453
[7FFFCF1FF6C0]  IsValidContext out : ret=0
[7FFFCF1FF6C0]  ListReaders in : hContext=1806067453, ReadersBufferLen='2048'
[7FFFCF1FF6C0]  ListReaders out : ret=0, ReadersBufferLen=59, Readers='Aladdin R.D. JaCarta [SCR Interface] (000000000000) 00 00'
[7FFFCF1FF6C0]  GetStatusChange in : hContext=1806067453
[7FFFCF1FF6C0]  GetStatusChange out : ret=0
[7FFFCF1FF6C0]  IsValidContext in : hContext=1806067453
[7FFFCF1FF6C0]  IsValidContext out : ret=0
[7FFFCF1FF6C0]  ListReaders in : hContext=1806067453, ReadersBufferLen='2048'
[7FFFCF1FF6C0]  ListReaders out : ret=0, ReadersBufferLen=59, Readers='Aladdin R.D. JaCarta [SCR Interface] (000000000000) 00 00'
[7FFFCF1FF6C0]  GetStatusChange in : hContext=1806067453
[7FFFCF1FF6C0]  GetStatusChange out : ret=0
[7FFFCF1FF6C0]  IsValidContext in : hContext=1806067453
[7FFFCF1FF6C0]  IsValidContext out : ret=0
[7FFFCF1FF6C0]  ListReaders in : hContext=1806067453, ReadersBufferLen='2048'
[7FFFCF1FF6C0]  ListReaders out : ret=0, ReadersBufferLen=59, Readers='Aladdin R.D. JaCarta [SCR Interface] (000000000000) 00 00'
[7FFFCF1FF6C0]  GetStatusChange in : hContext=1806067453
[7FFFCF1FF6C0]  GetStatusChange out : ret=0
[7FFFCF1FF6C0]  IsValidContext in : hContext=1806067453
[7FFFCF1FF6C0]  IsValidContext out : ret=0
[7FFFCF1FF6C0]  ListReaders in : hContext=1806067453, ReadersBufferLen='2048'
[7FFFCF1FF6C0]  ListReaders out : ret=0, ReadersBufferLen=59, Readers='Aladdin R.D. JaCarta [SCR Interface] (000000000000) 00 00'
[7FFFCF1FF6C0]  GetStatusChange in : hContext=1806067453
[7FFFCF1FF6C0]  GetStatusChange out : ret=0
[7FFFCE9FE6C0]  Transmit out : ret=0, RecvLength=2 
			 RecvBuff=9000
[7FFFCE9FE6C0]  Transmit in : hCard=1735910554, SendLength=5
[7FFFCE9FE6C0]  Transmit out : ret=0, RecvLength=10 
			 RecvBuff=4E460013357550469000
[7FFFCE9FE6C0]  EndTransaction in : hCard=1735910554
[7FFFCE9FE6C0]  EndTransaction out : ret=0
[7FFFCE9FE6C0]  Status in : hCard=1735910554
[7FFFCE9FE6C0]  Status out : ret=0
[7FFFCF1FF6C0]  Status in : hCard=1735910554
[7FFFCF1FF6C0]  Status out : ret=0
[7FFFCF1FF6C0]  Status in : hCard=1735910554
[7FFFCE9FE6C0]  Status in : hCard=1735910554
[7FFFCF1FF6C0]  Status out : ret=0
[7FFFCE9FE6C0]  Status out : ret=0
[7FFFCE9FE6C0]  BeginTransaction in : hCard=1735910554
[7FFFCE9FE6C0]  BeginTransaction out : ret=0
[7FFFCE9FE6C0]  Status in : hCard=1735910554
[7FFFCE9FE6C0]  Status out : ret=0
[7FFFCE9FE6C0]  Transmit in : hCard=1735910554, SendLength=17
[7FFFCE9FE6C0]  Transmit out : ret=0, RecvLength=2 
			 RecvBuff=9000
[7FFFCE9FE6C0]  Transmit in : hCard=1735910554, SendLength=5
[7FFFCE9FE6C0]  Transmit out : ret=0, RecvLength=10 
			 RecvBuff=4E460013357550469000
[7FFFCE9FE6C0]  Transmit in : hCard=1735910554, SendLength=14
[7FFFCE9FE6C0]  Transmit out : ret=0, RecvLength=28 
			 RecvBuff=6218870138830250008A0104860C0020002000200020002000209000
[7FFFCE9FE6C0]  Transmit in : hCard=1735910554, SendLength=22
[7FFFCE9FE6C0]  Transmit out : ret=0, RecvLength=46 
			 RecvBuff=622A8701388302000384100EE0000B00CC000000000000000000008A0104860C0000000000000000000000FF9000
[7FFFCE9FE6C0]  Transmit in : hCard=1735910554, SendLength=8
[7FFFCE9FE6C0]  Transmit out : ret=0, RecvLength=28 
			 RecvBuff=62188701018302F003800210008A0104860800000020002000209000
[7FFFCE9FE6C0]  Transmit in : hCard=1735910554, SendLength=5
[7FFFCE9FE6C0]  Transmit out : ret=0, RecvLength=18 
			 RecvBuff=30820A00308209F6A00A06082A8503029000
[7FFFCE9FE6C0]  Transmit in : hCard=1735910554, SendLength=5
[7FFFCE9FE6C0]  Transmit out : ret=0, RecvLength=257 
			 RecvBuff=0225020103020640302503020520A01F06082A85030701010601301306072A85030202240006082A85030701010202820400000000858209883082098430820931A00302010202110474A2E00081B10BA24845BB5C83E2D0A1300A06082A85030701010302308201753118301606052A85036401120D31303237373030333831323930311A301806082A85030381030101120C303037373031313035343630310B30090603550406130252553129302706035504080C20393120D0A0D0B5D181D0BFD183D0B1D0BBD0B8D0BAD0B020D09AD180D18BD0BC311F301D06035504070C16D0A1D0B8D0BCD184D0B5D180D0BED0BFD0BED0BBD18C314630440603559000
[7FFFCE9FE6C0]  Transmit in : hCard=1735910554, SendLength=5
[7FFFCE9FE6C0]  Transmit out : ret=0, RecvLength=257 
			 RecvBuff=04090C3DD09DD0B0D0B1D0B5D180D0B5D0B6D0BDD0B0D18F20D0B8D0BCD0B5D0BDD0B82036302DD0BBD0B5D182D0B8D18F20D0A1D0A1D0A1D0A02C20D0B42E33343130302E060355040B0C27D0A3D0B4D0BED181D182D0BED0B2D0B5D180D18FD18ED189D0B8D0B920D186D0B5D0BDD182D18031233021060355040A0C1AD0A0D09DD09AD09120D091D0B0D0BDD0BA2028D09FD090D09E293145304306035504030C3CD092D0BDD183D182D180D0B5D0BDD0BDD0B8D0B920D183D0B4D0BED181D182D0BED0B2D0B5D180D18FD18ED189D0B8D0B920D186D0B5D0BDD182D180301E170D3234303533313133323735325A170D3235303533313133323735325A9000
[7FFFCE9FE6C0]  Transmit in : hCard=1735910554, SendLength=5
[7FFFCE9FE6C0]  Transmit out : ret=0, RecvLength=257 
			 RecvBuff=308202053118301606052A85036401120D31303237373030333831323930311A301806082A85030381030101120C3030373730313130353436303116301406052A85036403120B31313532373534323333373120301E06092A864886F70D0109011611677261636865766B6140726E63622E7275310B30090603550406130252553135303306035504080C2C353420D09DD0BED0B2D0BED181D0B8D0B1D0B8D180D181D0BAD0B0D18F20D0BED0B1D0BBD0B0D181D182D18C3123302106035504070C1AD0B32E20D09DD0BED0B2D0BED181D0B8D0B1D0B8D180D181D0BA312E302C06035504090C25D183D0BB2E20D09ED180D0B4D0B6D0BED0BDD0B8D0BAD09000
[7FFFCE9FE6C0]  Transmit in : hCard=1735910554, SendLength=5
[7FFFCE9FE6C0]  Transmit out : ret=0, RecvLength=257 
			 RecvBuff=B8D0B4D0B7D0B520D0B42E20323331233021060355040A0C1AD0A0D09DD09AD09120D091D0B0D0BDD0BA2028D09FD090D09E293151304F060355040B0C48D094D0B5D0BFD0B0D180D182D0B0D0BCD0B5D0BDD18220D0B8D0BDD184D0BED180D0BCD0B0D186D0B8D0BED0BDD0BDD18BD18520D182D0B5D185D0BDD0BED0BBD0BED0B3D0B8D0B9311F301D060355040C0C16D0A0D0B0D0B7D180D0B0D0B1D0BED182D187D0B8D0BA312C302A060355042A0C23D09AD0B8D180D0B8D0BBD0BB20D090D0BDD0B0D182D0BED0BBD18CD0B5D0B2D0B8D1873115301306035504040C0CD093D180D0B0D187D0B5D0B2311C301A06035504030C13D093D180D0B0D1879000
[7FFFCE9FE6C0]  Transmit in : hCard=1735910554, SendLength=5
[7FFFCE9FE6C0]  Transmit out : ret=0, RecvLength=257 
			 RecvBuff=D0B5D0B220D09A2ED0902E3066301F06082A85030701010101301306072A85030202240006082A850307010102020343000440FC684BAA83170CBE7E94683D8DA2E2BD4A1DF1AE62D5451F541EF6DD6205521442B2309F906636A86ACAF0196307C3E637E1563D3FE4CEDD9DC7D13981655366A38204FF308204FB300E0603551D0F0101FF0404030203F8301D0603551D0E0416041444F3F1B00CD428B15DB7E2062ABF3DF0D227AED6301D0603551D250416301406082B0601050507030206082B060105050703043081BF06082B060105050701010481B23081AF302506082B060105050730018619687474703A2F2F737563312F6F6373702F6F6373709000
[7FFFCE9FE6C0]  Transmit in : hCard=1735910554, SendLength=5
[7FFFCE9FE6C0]  Transmit out : ret=0, RecvLength=257 
			 RecvBuff=2E737266302E06082B060105050730028622687474703A2F2F776F726B6572732E75632E726E63622E72752F726E63622E637274305606082B06010505073002864A687474703A2F2F776F726B6572732E75632E726E63622E72752F6169612F636230376331303964623630346334313433636138313239373233333235323864663137636638622E637274301D0603551D2004163014300806062A8503647101300806062A8503647102302B0603551D1004243022800F32303234303533313133323735325A810F32303235303533313133323735325A3081FB06052A850364700481F13081EE0C34D0A1D09AD097D0982022D09AD180D0B8D0BFD182D09000
[7FFFCE9FE6C0]  Transmit in : hCard=1735910554, SendLength=5
[7FFFCE9FE6C0]  Transmit out : ret=0, RecvLength=257 
			 RecvBuff=BED09FD180D0BE20435350222028D092D0B5D180D181D0B8D18F20342E30290C5AD09FD090D09A2022D0A3D0B4D0BED181D182D0BED0B2D0B5D180D18FD18ED189D0B8D0B920D186D0B5D0BDD182D1802022D09AD180D0B8D0BFD182D0BED09FD180D0BE20D0A3D0A62220D0B2D0B5D180D181D0B8D18F20322E300C2DD0A1D0A42F3132342D3330313020D0BED18220333020D0B4D0B5D0BAD0B0D0B1D180D18F203230313620D0B32E0C2BD0A1D0A42F3132382D3238383120D0BED18220313220D0B0D0BFD180D0B5D0BBD18F203230313620D0B32E303D06052A8503646F04340C32D0A1D09AD097D0982022D09AD180D0B8D0BFD182D0BED09FD180D09000
[7FFFCE9FE6C0]  Transmit in : hCard=1735910554, SendLength=5
[7FFFCE9FE6C0]  Transmit out : ret=0, RecvLength=257 
			 RecvBuff=BE204353502220D0B2D0B5D180D181D0B8D18F20342E303081A40603551D1F04819C3081993050A04EA04C864A687474703A2F2F776F726B6572732E75632E726E63622E72752F6364702F356663366664623563663831386333346330623732656438633665626332346230323831376265302E63726C3045A043A041863F687474703A2F2F63726C2E726E63622E72752F356663366664623563663831386333346330623732656438633665626332346230323831376265302E63726C308201B70603551D23048201AE308201AA80145FC6FDB5CF818C34C0B72ED8C6EBC24B02817BE0A182017DA4820179308201753118301606052A85036401120D319000
[7FFFCE9FE6C0]  Transmit in : hCard=1735910554, SendLength=5
[7FFFCE9FE6C0]  Transmit out : ret=0, RecvLength=257 
			 RecvBuff=303237373030333831323930311A301806082A85030381030101120C303037373031313035343630310B30090603550406130252553129302706035504080C20393120D0A0D0B5D181D0BFD183D0B1D0BBD0B8D0BAD0B020D09AD180D18BD0BC311F301D06035504070C16D0A1D0B8D0BCD184D0B5D180D0BED0BFD0BED0BBD18C3146304406035504090C3DD09DD0B0D0B1D0B5D180D0B5D0B6D0BDD0B0D18F20D0B8D0BCD0B5D0BDD0B82036302DD0BBD0B5D182D0B8D18F20D0A1D0A1D0A1D0A02C20D0B42E33343130302E060355040B0C27D0A3D0B4D0BED181D182D0BED0B2D0B5D180D18FD18ED189D0B8D0B920D186D0B5D0BDD182D180312330219000
[7FFFCE9FE6C0]  Transmit in : hCard=1735910554, SendLength=5
[7FFFCE9FE6C0]  Transmit out : ret=0, RecvLength=255 
			 RecvBuff=060355040A0C1AD0A0D09DD09AD09120D091D0B0D0BDD0BA2028D09FD090D09E293145304306035504030C3CD092D0BDD183D182D180D0B5D0BDD0BDD0B8D0B920D183D0B4D0BED181D182D0BED0B2D0B5D180D18FD18ED189D0B8D0B920D186D0B5D0BDD182D180821104D7BD7F0093B05EBB4A1CB2BBDB7623C7300A06082A85030701010302034100EB10C97A6DB57BCBF5959BE19DA001630BB8F70374C2BE0FE2F748A184EB71A6CCCF1E899BE3329B9AF2C110DAA1E093FE54D8EFE325D77D3971EF3C390C0CC28A08FC684BAA83170CBEAC21301F06082A8503020225030A04133011810F32303235303833313037353430385A0404AADC1D9B9000
[7FFFCE9FE6C0]  EndTransaction in : hCard=1735910554
[7FFFCE9FE6C0]  EndTransaction out : ret=0
[7FFFCE9FE6C0]  Status in : hCard=1735910554
[7FFFCE9FE6C0]  Status out : ret=0
[7FFFCE9FE6C0]  Status in : hCard=1735910554
[7FFFCE9FE6C0]  Status out : ret=0
[7FFFCE9FE6C0]  BeginTransaction in : hCard=1735910554
[7FFFCE9FE6C0]  BeginTransaction out : ret=0
[7FFFCE9FE6C0]  Status in : hCard=1735910554
[7FFFCE9FE6C0]  Status out : ret=0
[7FFFCE9FE6C0]  Transmit in : hCard=1735910554, SendLength=17
[7FFFCE9FE6C0]  Transmit out : ret=0, RecvLength=2 
			 RecvBuff=9000
[7FFFCE9FE6C0]  Transmit in : hCard=1735910554, SendLength=5
[7FFFCE9FE6C0]  Transmit out : ret=0, RecvLength=10 
			 RecvBuff=4E460013357550469000
[7FFFCE9FE6C0]  Transmit in : hCard=1735910554, SendLength=14
[7FFFCE9FE6C0]  Transmit out : ret=0, RecvLength=28 
			 RecvBuff=6218870138830250008A0104860C0020002000200020002000209000
[7FFFCE9FE6C0]  Transmit in : hCard=1735910554, SendLength=22
[7FFFCE9FE6C0]  Transmit out : ret=0, RecvLength=46 
			 RecvBuff=622A8701388302000384100EE0000B00CC000000000000000000008A0104860C0000000000000000000000FF9000
[7FFFCE9FE6C0]  EndTransaction in : hCard=1735910554
[7FFFCE9FE6C0]  EndTransaction out : ret=0
[7FFFCE9FE6C0]  Status in : hCard=1735910554
[7FFFCE9FE6C0]  Status out : ret=0
[7FFFCE9FE6C0]  Status in : hCard=1735910554
[7FFFCE9FE6C0]  Status out : ret=0
[7FFFCE9FE6C0]  BeginTransaction in : hCard=1735910554
[7FFFCE9FE6C0]  BeginTransaction out : ret=0
[7FFFCE9FE6C0]  Status in : hCard=1735910554
[7FFFCE9FE6C0]  Status out : ret=0
[7FFFCE9FE6C0]  Transmit in : hCard=1735910554, SendLength=17
[7FFFCE9FE6C0]  Transmit out : ret=0, RecvLength=2 
			 RecvBuff=9000
[7FFFCE9FE6C0]  EndTransaction in : hCard=1735910554
[7FFFCE9FE6C0]  EndTransaction out : ret=0
[7FFFCE9FE6C0]  Status in : hCard=1735910554
[7FFFCE9FE6C0]  Status out : ret=0
[7FFFCE9FE6C0]  Disconnect in : hCard=1735910554, Disposition=0
[7FFFCE9FE6C0]  Disconnect out : ret=0
[7FFFCF1FF6C0]  IsValidContext in : hContext=1806067453
[7FFFCF1FF6C0]  IsValidContext out : ret=0
[7FFFCF1FF6C0]  ListReaders in : hContext=1806067453, ReadersBufferLen='2048'
[7FFFCF1FF6C0]  ListReaders out : ret=0, ReadersBufferLen=59, Readers='Aladdin R.D. JaCarta [SCR Interface] (000000000000) 00 00'
[7FFFCF1FF6C0]  GetStatusChange in : hContext=1806067453
[7FFFCF1FF6C0]  GetStatusChange out : ret=0
[7FFFCF1FF6C0]  IsValidContext in : hContext=1806067453
[7FFFCF1FF6C0]  IsValidContext out : ret=0
[7FFFCF1FF6C0]  ListReaders in : hContext=1806067453, ReadersBufferLen='2048'
[7FFFCF1FF6C0]  ListReaders out : ret=0, ReadersBufferLen=59, Readers='Aladdin R.D. JaCarta [SCR Interface] (000000000000) 00 00'
[7FFFCF1FF6C0]  GetStatusChange in : hContext=1806067453
[7FFFCF1FF6C0]  GetStatusChange out : ret=0
[7FFFCF1FF6C0]  IsValidContext in : hContext=1806067453
[7FFFCF1FF6C0]  IsValidContext out : ret=0
[7FFFCF1FF6C0]  ListReaders in : hContext=1806067453, ReadersBufferLen='2048'
[7FFFCF1FF6C0]  ListReaders out : ret=0, ReadersBufferLen=59, Readers='Aladdin R.D. JaCarta [SCR Interface] (000000000000) 00 00'
[7FFFCF1FF6C0]  GetStatusChange in : hContext=1806067453
[7FFFCF1FF6C0]  GetStatusChange out : ret=0
[7FFFCF1FF6C0]  Connect in : hContext=923779893
[7FFFCF1FF6C0]  Connect out : ret=0
[7FFFCF1FF6C0]  Status in : hCard=1353236013
[7FFFCF1FF6C0]  Status out : ret=0
[7FFFCF1FF6C0]  Status in : hCard=1353236013
[7FFFCF1FF6C0]  Status out : ret=0
[7FFFCF1FF6C0]  Disconnect in : hCard=1353236013, Disposition=0
[7FFFCF1FF6C0]  Disconnect out : ret=0
[7FFFCF1FF6C0]  IsValidContext in : hContext=1806067453
[7FFFCF1FF6C0]  IsValidContext out : ret=0
[7FFFCF1FF6C0]  ListReaders in : hContext=1806067453, ReadersBufferLen='2048'
[7FFFCF1FF6C0]  ListReaders out : ret=0, ReadersBufferLen=59, Readers='Aladdin R.D. JaCarta [SCR Interface] (000000000000) 00 00'
[7FFFCF1FF6C0]  GetStatusChange in : hContext=1806067453
[7FFFCF1FF6C0]  GetStatusChange out : ret=0
[7FFFCF1FF6C0]  IsValidContext in : hContext=1806067453
[7FFFCF1FF6C0]  IsValidContext out : ret=0
[7FFFCF1FF6C0]  ListReaders in : hContext=1806067453, ReadersBufferLen='2048'
[7FFFCF1FF6C0]  ListReaders out : ret=0, ReadersBufferLen=59, Readers='Aladdin R.D. JaCarta [SCR Interface] (000000000000) 00 00'
[7FFFCF1FF6C0]  GetStatusChange in : hContext=1806067453
[7FFFCF1FF6C0]  GetStatusChange out : ret=0
[7FFFCF1FF6C0]  IsValidContext in : hContext=1806067453
[7FFFCF1FF6C0]  IsValidContext out : ret=0
[7FFFCF1FF6C0]  ListReaders in : hContext=1806067453, ReadersBufferLen='2048'
[7FFFCF1FF6C0]  ListReaders out : ret=0, ReadersBufferLen=59, Readers='Aladdin R.D. JaCarta [SCR Interface] (000000000000) 00 00'
[7FFFCF1FF6C0]  GetStatusChange in : hContext=1806067453
[7FFFCF1FF6C0]  GetStatusChange out : ret=0
[7FFFCF1FF6C0]  ListReaders in : hContext=923779893, ReadersBufferLen='0'
[7FFFCF1FF6C0]  ListReaders out : ret=0, ReadersBufferLen=59, Readers=''
[7FFFCF1FF6C0]  ListReaders in : hContext=923779893, ReadersBufferLen='59'
[7FFFCF1FF6C0]  ListReaders out : ret=0, ReadersBufferLen=59, Readers='Aladdin R.D. JaCarta [SCR Interface] (000000000000) 00 00'
[7FFFCF1FF6C0]  IsValidContext in : hContext=1806067453
[7FFFCF1FF6C0]  IsValidContext out : ret=0
[7FFFCF1FF6C0]  ListReaders in : hContext=1806067453, ReadersBufferLen='2048'
[7FFFCF1FF6C0]  ListReaders out : ret=0, ReadersBufferLen=59, Readers='Aladdin R.D. JaCarta [SCR Interface] (000000000000) 00 00'
[7FFFCF1FF6C0]  GetStatusChange in : hContext=1806067453
[7FFFCF1FF6C0]  GetStatusChange out : ret=0
[7FFFCF1FF6C0]  IsValidContext in : hContext=1806067453
[7FFFCF1FF6C0]  IsValidContext out : ret=0
[7FFFCF1FF6C0]  ListReaders in : hContext=1806067453, ReadersBufferLen='2048'
[7FFFCF1FF6C0]  ListReaders out : ret=0, ReadersBufferLen=59, Readers='Aladdin R.D. JaCarta [SCR Interface] (000000000000) 00 00'
[7FFFCF1FF6C0]  GetStatusChange in : hContext=1806067453
[7FFFCF1FF6C0]  GetStatusChange out : ret=0
[7FFFCF1FF6C0]  IsValidContext in : hContext=1806067453
[7FFFCF1FF6C0]  IsValidContext out : ret=0
[7FFFCF1FF6C0]  ListReaders in : hContext=1806067453, ReadersBufferLen='2048'
[7FFFCF1FF6C0]  ListReaders out : ret=0, ReadersBufferLen=59, Readers='Aladdin R.D. JaCarta [SCR Interface] (000000000000) 00 00'
[7FFFCF1FF6C0]  GetStatusChange in : hContext=1806067453
[7FFFCF1FF6C0]  GetStatusChange out : ret=0
[7FFFCF1FF6C0]  Connect in : hContext=923779893
[7FFFCF1FF6C0]  Connect out : ret=0
[7FFFCF1FF6C0]  Status in : hCard=1116475062
[7FFFCF1FF6C0]  Status out : ret=0
[7FFFCF1FF6C0]  Status in : hCard=1116475062
[7FFFCF1FF6C0]  Status out : ret=0
[7FFFCF1FF6C0]  Disconnect in : hCard=1116475062, Disposition=0
[7FFFCF1FF6C0]  Disconnect out : ret=0
[7FFFCF1FF6C0]  IsValidContext in : hContext=1806067453
[7FFFCF1FF6C0]  IsValidContext out : ret=0
[7FFFCF1FF6C0]  ListReaders in : hContext=1806067453, ReadersBufferLen='2048'
[7FFFCF1FF6C0]  ListReaders out : ret=0, ReadersBufferLen=59, Readers='Aladdin R.D. JaCarta [SCR Interface] (000000000000) 00 00'
[7FFFCF1FF6C0]  GetStatusChange in : hContext=1806067453
[7FFFCF1FF6C0]  GetStatusChange out : ret=0
[7FFFCF1FF6C0]  IsValidContext in : hContext=1806067453
[7FFFCF1FF6C0]  IsValidContext out : ret=0
[7FFFCF1FF6C0]  ListReaders in : hContext=1806067453, ReadersBufferLen='2048'
[7FFFCF1FF6C0]  ListReaders out : ret=0, ReadersBufferLen=59, Readers='Aladdin R.D. JaCarta [SCR Interface] (000000000000) 00 00'
[7FFFCF1FF6C0]  GetStatusChange in : hContext=1806067453
[7FFFCF1FF6C0]  GetStatusChange out : ret=0
[7FFFCF1FF6C0]  IsValidContext in : hContext=1806067453
[7FFFCF1FF6C0]  IsValidContext out : ret=0
[7FFFCF1FF6C0]  ListReaders in : hContext=1806067453, ReadersBufferLen='2048'
[7FFFCF1FF6C0]  ListReaders out : ret=0, ReadersBufferLen=59, Readers='Aladdin R.D. JaCarta [SCR Interface] (000000000000) 00 00'
[7FFFCF1FF6C0]  GetStatusChange in : hContext=1806067453
[7FFFCF1FF6C0]  GetStatusChange out : ret=0
[7FFFCF1FF6C0]  Connect in : hContext=923779893
[7FFFCF1FF6C0]  Connect out : ret=0
[7FFFCF1FF6C0]  Status in : hCard=890178853
[7FFFCF1FF6C0]  Status out : ret=0
[7FFFCF1FF6C0]  Status in : hCard=890178853
[7FFFCF1FF6C0]  Status out : ret=0
[7FFFCF1FF6C0]  Disconnect in : hCard=890178853, Disposition=0
[7FFFCF1FF6C0]  Disconnect out : ret=0
[7FFFF56FFAC0]  IsValidContext in : hContext=1806067453
[7FFFF56FFAC0]  IsValidContext out : ret=0
[7FFFF56FFAC0]  Cancel in : hContext=1806067453
[7FFFF56FFAC0]  Cancel out : ret=0
[7FFFF56FFAC0]  Disconnect in : hCard=264459739, Disposition=0
[7FFFF56FFAC0]  Disconnect out : ret=0
